
Optional file libmchp_peripheral.a not found

Optional file libmchp_peripheral_32MX150F128D.a not found
Archive member included because of file (symbol)

c:/program files (x86)/microchip/xc32/v2.05/bin/bin/../../lib/gcc/pic32mx/4.8.3\libgcc.a(floatunsisf.o)
                              build/default/production/NxpNfcRdLib/comps/phhalHw/src/Pn5180/phhalHw_Pn5180.o (__floatunsisf)
c:/program files (x86)/microchip/xc32/v2.05/bin/bin/../../lib/gcc/pic32mx/4.8.3/../../../../pic32mx/lib\libpic32.a(memcmp.o)
                              build/default/production/NxpNfcRdLib/comps/phpalI14443p4/src/Sw/phpalI14443p4_Sw.o (memcmp)
c:/program files (x86)/microchip/xc32/v2.05/bin/bin/../../lib/gcc/pic32mx/4.8.3/../../../../pic32mx/lib\libpic32.a(memcpy.o)
                              build/default/production/NxpNfcRdLib/comps/phalMfc/src/Sw/phalMfc_Sw.o (memcpy)
c:/program files (x86)/microchip/xc32/v2.05/bin/bin/../../lib/gcc/pic32mx/4.8.3/../../../../pic32mx/lib\libpic32.a(memset.o)
                              build/default/production/NxpNfcRdLib/comps/phalMfc/src/Sw/phalMfc_Sw.o (memset)
c:/program files (x86)/microchip/xc32/v2.05/bin/bin/../../lib/gcc/pic32mx/4.8.3/../../../../pic32mx/lib\libpic32.a(default-bootstrap-exception-handler.o)
                              c:/program files (x86)/microchip/xc32/v2.05/bin/bin/../../lib/gcc/pic32mx/4.8.3/../../../../pic32mx/lib/./proc/32MX150F128D/crt0_mips32r2.o (_bootstrap_exception_handler)
c:/program files (x86)/microchip/xc32/v2.05/bin/bin/../../lib/gcc/pic32mx/4.8.3/../../../../pic32mx/lib\libpic32.a(default-on-reset.o)
                              c:/program files (x86)/microchip/xc32/v2.05/bin/bin/../../lib/gcc/pic32mx/4.8.3/../../../../pic32mx/lib/./proc/32MX150F128D/crt0_mips32r2.o (_on_reset)
c:/program files (x86)/microchip/xc32/v2.05/bin/bin/../../lib/gcc/pic32mx/4.8.3/../../../../pic32mx/lib\libpic32.a(default-on-bootstrap.o)
                              c:/program files (x86)/microchip/xc32/v2.05/bin/bin/../../lib/gcc/pic32mx/4.8.3/../../../../pic32mx/lib/./proc/32MX150F128D/crt0_mips32r2.o (_on_bootstrap)
c:/program files (x86)/microchip/xc32/v2.05/bin/bin/../../lib/gcc/pic32mx/4.8.3/../../../../pic32mx/lib\libpic32.a(default-nmi-handler.o)
                              c:/program files (x86)/microchip/xc32/v2.05/bin/bin/../../lib/gcc/pic32mx/4.8.3/../../../../pic32mx/lib/./proc/32MX150F128D/crt0_mips32r2.o (_nmi_handler)
c:/program files (x86)/microchip/xc32/v2.05/bin/bin/../../lib/gcc/pic32mx/4.8.3/../../../../pic32mx/lib\libpic32.a(general-exception.o)
                              c:/program files (x86)/microchip/xc32/v2.05/bin/bin/../../lib/gcc/pic32mx/4.8.3/../../../../pic32mx/lib/./proc/32MX150F128D/crt0_mips32r2.o (_general_exception_context)
c:/program files (x86)/microchip/xc32/v2.05/bin/bin/../../lib/gcc/pic32mx/4.8.3/../../../../pic32mx/lib\libpic32.a(vector0.o)
                              c:/program files (x86)/microchip/xc32/v2.05/bin/bin/../../lib/gcc/pic32mx/4.8.3/../../../../pic32mx/lib/./proc/32MX150F128D\default_isr_vectors.o (__vector_dispatch_0)
c:/program files (x86)/microchip/xc32/v2.05/bin/bin/../../lib/gcc/pic32mx/4.8.3/../../../../pic32mx/lib\libpic32.a(vector1.o)
                              c:/program files (x86)/microchip/xc32/v2.05/bin/bin/../../lib/gcc/pic32mx/4.8.3/../../../../pic32mx/lib/./proc/32MX150F128D\default_isr_vectors.o (__vector_dispatch_1)
c:/program files (x86)/microchip/xc32/v2.05/bin/bin/../../lib/gcc/pic32mx/4.8.3/../../../../pic32mx/lib\libpic32.a(vector2.o)
                              c:/program files (x86)/microchip/xc32/v2.05/bin/bin/../../lib/gcc/pic32mx/4.8.3/../../../../pic32mx/lib/./proc/32MX150F128D\default_isr_vectors.o (__vector_dispatch_2)
c:/program files (x86)/microchip/xc32/v2.05/bin/bin/../../lib/gcc/pic32mx/4.8.3/../../../../pic32mx/lib\libpic32.a(vector3.o)
                              c:/program files (x86)/microchip/xc32/v2.05/bin/bin/../../lib/gcc/pic32mx/4.8.3/../../../../pic32mx/lib/./proc/32MX150F128D\default_isr_vectors.o (__vector_dispatch_3)
c:/program files (x86)/microchip/xc32/v2.05/bin/bin/../../lib/gcc/pic32mx/4.8.3/../../../../pic32mx/lib\libpic32.a(vector5.o)
                              c:/program files (x86)/microchip/xc32/v2.05/bin/bin/../../lib/gcc/pic32mx/4.8.3/../../../../pic32mx/lib/./proc/32MX150F128D\default_isr_vectors.o (__vector_dispatch_5)
c:/program files (x86)/microchip/xc32/v2.05/bin/bin/../../lib/gcc/pic32mx/4.8.3/../../../../pic32mx/lib\libpic32.a(vector6.o)
                              c:/program files (x86)/microchip/xc32/v2.05/bin/bin/../../lib/gcc/pic32mx/4.8.3/../../../../pic32mx/lib/./proc/32MX150F128D\default_isr_vectors.o (__vector_dispatch_6)
c:/program files (x86)/microchip/xc32/v2.05/bin/bin/../../lib/gcc/pic32mx/4.8.3/../../../../pic32mx/lib\libpic32.a(vector7.o)
[...]
Memory Configuration

Name             Origin             Length             Attributes
kseg0_program_mem 0x9d000000         0x0001f000         xr
exception_mem    0x9d01f000         0x00001000
debug_exec_mem   0x9fc00490         0x00000760
kseg0_boot_mem   0x9fc00490         0x00000000
kseg1_boot_mem   0xbfc00000         0x00000490
config3          0xbfc00bf0         0x00000004
config2          0xbfc00bf4         0x00000004
config1          0xbfc00bf8         0x00000004
config0          0xbfc00bfc         0x00000004
kseg1_data_mem   0xa0000000         0x00008000         w !x
sfrs             0xbf800000         0x00100000
configsfrs       0xbfc00bf0         0x00000010
*default*        0x00000000         0xffffffff

Linker script and memory map

LOAD c:/program files (x86)/microchip/xc32/v2.05/bin/bin/../../lib/gcc/pic32mx/4.8.3/../../../../pic32mx/lib/./proc/32MX150F128D/crt0_mips32r2.o
LOAD c:/program files (x86)/microchip/xc32/v2.05/bin/bin/../../lib/gcc/pic32mx/4.8.3/../../../../pic32mx/lib\debug-exception-return.o
LOAD build/default/production/mcc_generated_files/tmr2.o
LOAD build/default/production/mcc_generated_files/uart1.o
LOAD build/default/production/mcc_generated_files/interrupt_manager.o
LOAD build/default/production/mcc_generated_files/tmr1.o
LOAD build/default/production/mcc_generated_files/mcc.o
LOAD build/default/production/mcc_generated_files/pin_manager.o
LOAD build/default/production/mcc_generated_files/spi1.o
LOAD build/default/production/mcc_generated_files/adc1.o
LOAD build/default/production/mcc_generated_files/spi2.o
LOAD build/default/production/nxp_reader_config_files/phApp_Init.o
LOAD build/default/production/NxpNfcRdLib/comps/phacDiscLoop/src/Sw/phacDiscLoop_Sw.o
LOAD build/default/production/NxpNfcRdLib/comps/phacDiscLoop/src/Sw/phacDiscLoop_Sw_Int.o
LOAD build/default/production/NxpNfcRdLib/comps/phacDiscLoop/src/Sw/phacDiscLoop_Sw_Int_A.o
LOAD build/default/production/NxpNfcRdLib/comps/phacDiscLoop/src/Sw/phacDiscLoop_Sw_Int_B.o
LOAD build/default/production/NxpNfcRdLib/comps/phacDiscLoop/src/Sw/phacDiscLoop_Sw_Int_F.o
LOAD build/default/production/NxpNfcRdLib/comps/phacDiscLoop/src/Sw/phacDiscLoop_Sw_Int_I18000p3m3.o
LOAD build/default/production/NxpNfcRdLib/comps/phacDiscLoop/src/Sw/phacDiscLoop_Sw_Int_V.o
LOAD build/default/production/NxpNfcRdLib/comps/phacDiscLoop/src/phacDiscLoop.o
LOAD build/default/production/NxpNfcRdLib/comps/phalFelica/src/Sw/phalFelica_Sw.o
LOAD build/default/production/NxpNfcRdLib/comps/phalFelica/src/phalFelica.o
LOAD build/default/production/NxpNfcRdLib/comps/phalI15693/src/Sw/phalI15693_Sw.o
LOAD build/default/production/NxpNfcRdLib/comps/phalI15693/src/phalI15693.o
LOAD build/default/production/NxpNfcRdLib/comps/phalI18000p3m3/src/Sw/phalI18000p3m3_Sw.o
LOAD build/default/production/NxpNfcRdLib/comps/phalI18000p3m3/src/Sw/phalI18000p3m3_Sw_Int.o
LOAD build/default/production/NxpNfcRdLib/comps/phalI18000p3m3/src/phalI18000p3m3.o
LOAD build/default/production/NxpNfcRdLib/comps/phalMfc/src/Sw/phalMfc_Sw.o
LOAD build/default/production/NxpNfcRdLib/comps/phalMfc/src/phalMfc.o
LOAD build/default/production/NxpNfcRdLib/comps/phalMfc/src/phalMfc_Int.o
LOAD build/default/production/NxpNfcRdLib/comps/phalMfdf/src/Sw/phalMfdf_Sw.o
LOAD build/default/production/NxpNfcRdLib/comps/phalMfdf/src/Sw/phalMfdf_Sw_Int.o
LOAD build/default/production/NxpNfcRdLib/comps/phalMfdf/src/phalMfdf.o
LOAD build/default/production/NxpNfcRdLib/comps/phalMfdf/src/phalMfdf_Int.o
LOAD build/default/production/NxpNfcRdLib/comps/phalMful/src/Sw/phalMful_Sw.o
LOAD build/default/production/NxpNfcRdLib/comps/phalMful/src/phalMful.o
LOAD build/default/production/NxpNfcRdLib/comps/phalMful/src/phalMful_Int.o
LOAD build/default/production/NxpNfcRdLib/comps/phalSli/src/Sw/phalSli_Sw.o
LOAD build/default/production/NxpNfcRdLib/comps/phalSli/src/phalSli.o
LOAD build/default/production/NxpNfcRdLib/comps/phalT1T/src/Sw/phalT1T_Sw.o
LOAD build/default/production/NxpNfcRdLib/comps/phalT1T/src/phalT1T.o
LOAD build/default/production/NxpNfcRdLib/comps/phalTop/src/Sw/phalTop_Sw.o
LOAD build/default/production/NxpNfcRdLib/comps/phalTop/src/Sw/phalTop_Sw_Int_T1T.o
LOAD build/default/production/NxpNfcRdLib/comps/phalTop/src/Sw/phalTop_Sw_Int_T2T.o
LOAD build/default/production/NxpNfcRdLib/comps/phalTop/src/Sw/phalTop_Sw_Int_T3T.o
LOAD build/default/production/NxpNfcRdLib/comps/phalTop/src/Sw/phalTop_Sw_Int_T4T.o
LOAD build/default/production/NxpNfcRdLib/comps/phalTop/src/Sw/phalTop_Sw_Int_T5T.o
LOAD build/default/production/NxpNfcRdLib/comps/phalTop/src/phalTop.o
LOAD build/default/production/NxpNfcRdLib/comps/phbalReg/src/KinetisI2C/phbalReg_KinetisI2C.o
LOAD build/default/production/NxpNfcRdLib/comps/phbalReg/src/KinetisSPI/phbalReg_KinetisSpi.o
LOAD build/default/production/NxpNfcRdLib/comps/phbalReg/src/LinuxKernelSpi/phbalReg_LinuxKernelSpi.o
LOAD build/default/production/NxpNfcRdLib/comps/phbalReg/src/LinuxUserI2C/phbalReg_LinuxUserI2C.o
LOAD build/default/production/NxpNfcRdLib/comps/phbalReg/src/LinuxUserSpi/phbalReg_LinuxUserSpi.o
LOAD build/default/production/NxpNfcRdLib/comps/phbalReg/src/LpcOpenI2C/phbalReg_LpcOpenI2c.o
LOAD build/default/production/NxpNfcRdLib/comps/phbalReg/src/LpcOpenSPI/phbalReg_LpcOpenSpi.o
LOAD build/default/production/NxpNfcRdLib/comps/phbalReg/src/Pic32mxSPI/phbalReg_Pic32mxSpi.o
LOAD build/default/production/NxpNfcRdLib/comps/phbalReg/src/phbalReg.o
LOAD build/default/production/NxpNfcRdLib/comps/phceT4T/src/Sw/phceT4T_Sw.o
LOAD build/default/production/NxpNfcRdLib/comps/phceT4T/src/Sw/phceT4T_Sw_Int.o
LOAD build/default/production/NxpNfcRdLib/comps/phceT4T/src/phceT4T.o
LOAD build/default/production/NxpNfcRdLib/comps/phCidManager/src/Sw/phCidManager_Sw.o
LOAD build/default/production/NxpNfcRdLib/comps/phCidManager/src/phCidManager.o
LOAD build/default/production/NxpNfcRdLib/comps/phCryptoRng/src/Sw/phCryptoRng_Sw.o
LOAD build/default/production/NxpNfcRdLib/comps/phCryptoRng/src/phCryptoRng.o
LOAD build/default/production/NxpNfcRdLib/comps/phCryptoSym/src/Sw/phCryptoSym_Sw.o
LOAD build/default/production/NxpNfcRdLib/comps/phCryptoSym/src/Sw/phCryptoSym_Sw_Aes.o
LOAD build/default/production/NxpNfcRdLib/comps/phCryptoSym/src/Sw/phCryptoSym_Sw_Des.o
LOAD build/default/production/NxpNfcRdLib/comps/phCryptoSym/src/Sw/phCryptoSym_Sw_Int.o
LOAD build/default/production/NxpNfcRdLib/comps/phCryptoSym/src/phCryptoSym.o
LOAD build/default/production/NxpNfcRdLib/comps/phhalHw/src/Pn5180/phhalHw_Pn5180.o
LOAD build/default/production/NxpNfcRdLib/comps/phhalHw/src/Pn5180/phhalHw_Pn5180_Instr.o
LOAD build/default/production/NxpNfcRdLib/comps/phhalHw/src/Pn5180/phhalHw_Pn5180_Int.o
LOAD build/default/production/NxpNfcRdLib/comps/phhalHw/src/Pn5180/phhalHw_Pn5180_Wait.o
LOAD build/default/production/NxpNfcRdLib/comps/phhalHw/src/PN7462AU/phhalHw_PN7462AU.o
LOAD build/default/production/NxpNfcRdLib/comps/phhalHw/src/PN7462AU/phhalHw_PN7462AU_Int.o
LOAD build/default/production/NxpNfcRdLib/comps/phhalHw/src/Rc523/phhalHw_Rc523.o
LOAD build/default/production/NxpNfcRdLib/comps/phhalHw/src/Rc523/phhalHw_Rc523_Cmd.o
LOAD build/default/production/NxpNfcRdLib/comps/phhalHw/src/Rc523/phhalHw_Rc523_Int.o
LOAD build/default/production/NxpNfcRdLib/comps/phhalHw/src/Rc523/phhalHw_Rc523_Wait.o
LOAD build/default/production/NxpNfcRdLib/comps/phhalHw/src/Rc663/phhalHw_Rc663.o
LOAD build/default/production/NxpNfcRdLib/comps/phhalHw/src/Rc663/phhalHw_Rc663_Cmd.o
LOAD build/default/production/NxpNfcRdLib/comps/phhalHw/src/Rc663/phhalHw_Rc663_Int.o
LOAD build/default/production/NxpNfcRdLib/comps/phhalHw/src/Rc663/phhalHw_Rc663_Wait.o
LOAD build/default/production/NxpNfcRdLib/comps/phhalHw/src/phhalHw.o
LOAD build/default/production/NxpNfcRdLib/comps/phKeyStore/src/Rc663/phKeyStore_Rc663.o
LOAD build/default/production/NxpNfcRdLib/comps/phKeyStore/src/Sw/phKeyStore_Sw.o
LOAD build/default/production/NxpNfcRdLib/comps/phKeyStore/src/phKeyStore.o
LOAD build/default/production/NxpNfcRdLib/comps/phlnLlcp/src/Sw/phlnLlcp_Sw.o
LOAD build/default/production/NxpNfcRdLib/comps/phlnLlcp/src/Sw/phlnLlcp_Sw_Int.o
LOAD build/default/production/NxpNfcRdLib/comps/phlnLlcp/src/Sw/phlnLlcp_Sw_Mac.o
LOAD build/default/production/NxpNfcRdLib/comps/phlnLlcp/src/Sw/phlnLlcp_Sw_Transport.o
LOAD build/default/production/NxpNfcRdLib/comps/phlnLlcp/src/Sw/phlnLlcp_Sw_Transport_Connection.o
LOAD build/default/production/NxpNfcRdLib/comps/phlnLlcp/src/Sw/phlnLlcp_Sw_Transport_Connectionless.o
LOAD build/default/production/NxpNfcRdLib/comps/phlnLlcp/src/Sw/phlnLlcp_Timers.o
LOAD build/default/production/NxpNfcRdLib/comps/phlnLlcp/src/phlnLlcp.o
LOAD build/default/production/NxpNfcRdLib/comps/phLog/src/phLog.o
LOAD build/default/production/NxpNfcRdLib/comps/phNfcLib/src/phNfcLib.o
LOAD build/default/production/NxpNfcRdLib/comps/phNfcLib/src/phNfcLib_15693.o
LOAD build/default/production/NxpNfcRdLib/comps/phNfcLib/src/phNfcLib_18000p3m3.o
LOAD build/default/production/NxpNfcRdLib/comps/phNfcLib/src/phNfcLib_MFC.o
LOAD build/default/production/NxpNfcRdLib/comps/phNfcLib/src/phNfcLib_MFDF.o
LOAD build/default/production/NxpNfcRdLib/comps/phNfcLib/src/phNfcLib_MFUL.o
LOAD build/default/production/NxpNfcRdLib/comps/phNfcLib/src/phNfcLib_Utility.o
LOAD build/default/production/NxpNfcRdLib/comps/phnpSnep/src/Sw/phnpSnep_Sw.o
LOAD build/default/production/NxpNfcRdLib/comps/phnpSnep/src/phnpSnep.o
LOAD build/default/production/NxpNfcRdLib/comps/phOsal/src/Freertos/phOsal_Freertos.o
LOAD build/default/production/NxpNfcRdLib/comps/phOsal/src/Linux/phOsal_Linux.o
LOAD build/default/production/NxpNfcRdLib/comps/phOsal/src/NullOs/phOsal_NullOs.o
LOAD build/default/production/NxpNfcRdLib/comps/phpalEpcUid/src/Sw/phpalEpcUid_Sw.o
LOAD build/default/production/NxpNfcRdLib/comps/phpalEpcUid/src/phpalEpcUid.o
LOAD build/default/production/NxpNfcRdLib/comps/phpalFelica/src/Sw/phpalFelica_Sw.o
LOAD build/default/production/NxpNfcRdLib/comps/phpalFelica/src/phpalFelica.o
LOAD build/default/production/NxpNfcRdLib/comps/phpalI14443p3a/src/Sw/phpalI14443p3a_Sw.o
LOAD build/default/production/NxpNfcRdLib/comps/phpalI14443p3a/src/phpalI14443p3a.o
LOAD build/default/production/NxpNfcRdLib/comps/phpalI14443p3b/src/Sw/phpalI14443p3b_Sw.o
LOAD build/default/production/NxpNfcRdLib/comps/phpalI14443p3b/src/phpalI14443p3b.o
LOAD build/default/production/NxpNfcRdLib/comps/phpalI14443p4/src/Sw/phpalI14443p4_Sw.o
LOAD build/default/production/NxpNfcRdLib/comps/phpalI14443p4/src/phpalI14443p4.o
LOAD build/default/production/NxpNfcRdLib/comps/phpalI14443p4a/src/Sw/phpalI14443p4a_Sw.o
LOAD build/default/production/NxpNfcRdLib/comps/phpalI14443p4a/src/phpalI14443p4a.o
LOAD build/default/production/NxpNfcRdLib/comps/phpalI14443p4mC/src/Sw/phpalI14443p4mC_Sw.o
LOAD build/default/production/NxpNfcRdLib/comps/phpalI14443p4mC/src/Sw/phpalI14443p4mC_Sw_Int.o
LOAD build/default/production/NxpNfcRdLib/comps/phpalI14443p4mC/src/phpalI14443p4mC.o
LOAD build/default/production/NxpNfcRdLib/comps/phpalI18000p3m3/src/Sw/phpalI18000p3m3_Sw.o
LOAD build/default/production/NxpNfcRdLib/comps/phpalI18000p3m3/src/phpalI18000p3m3.o
LOAD build/default/production/NxpNfcRdLib/comps/phpalI18092mPI/src/Sw/phpalI18092mPI_Sw.o
LOAD build/default/production/NxpNfcRdLib/comps/phpalI18092mPI/src/Sw/phpalI18092mPI_Sw_Int.o
LOAD build/default/production/NxpNfcRdLib/comps/phpalI18092mPI/src/phpalI18092mPI.o
LOAD build/default/production/NxpNfcRdLib/comps/phpalI18092mT/src/Sw/phpalI18092mT_Sw.o
LOAD build/default/production/NxpNfcRdLib/comps/phpalI18092mT/src/Sw/phpalI18092mT_Sw_Int.o
LOAD build/default/production/NxpNfcRdLib/comps/phpalI18092mT/src/phpalI18092mT.o
LOAD build/default/production/NxpNfcRdLib/comps/phpalMifare/src/Sw/phpalMifare_Sw.o
LOAD build/default/production/NxpNfcRdLib/comps/phpalMifare/src/phpalMifare.o
LOAD build/default/production/NxpNfcRdLib/comps/phpalSli15693/src/Sw/phpalSli15693_Sw.o
LOAD build/default/production/NxpNfcRdLib/comps/phpalSli15693/src/phpalSli15693.o
LOAD build/default/production/NxpNfcRdLib/comps/phPlatform/src/Port/K81/phPlatform_Port_K81.o
LOAD build/default/production/NxpNfcRdLib/comps/phPlatform/src/Port/K81/phPlatform_Port_KinetisTimer.o
LOAD build/default/production/NxpNfcRdLib/comps/phPlatform/src/Port/K82/phPlatform_Port_K82.o
LOAD build/default/production/NxpNfcRdLib/comps/phPlatform/src/Port/K82/phPlatform_Port_K82Timer.o
LOAD build/default/production/NxpNfcRdLib/comps/phPlatform/src/Port/LPC11u68/cr_startup_lpc11u6x.o
LOAD build/default/production/NxpNfcRdLib/comps/phPlatform/src/Port/LPC11u68/phPlatform_Port_LPC11u68.o
LOAD build/default/production/NxpNfcRdLib/comps/phPlatform/src/Port/LPC1769/cr_startup_lpc175x_6x.o
LOAD build/default/production/NxpNfcRdLib/comps/phPlatform/src/Port/LPC1769/keil_iar_sysinit.o
LOAD build/default/production/NxpNfcRdLib/comps/phPlatform/src/Port/LPC1769/phPlatform_Port_LPC1769.o
LOAD build/default/production/NxpNfcRdLib/comps/phPlatform/src/Port/LPCTimer/phPlatform_Port_LPCTimer.o
LOAD build/default/production/NxpNfcRdLib/comps/phPlatform/src/Port/PIC32MX/phPlatform_Port_PIC32MX.o
LOAD build/default/production/NxpNfcRdLib/comps/phPlatform/src/Port/PIC32MX/phPlatform_Port_PIC32MXTimer.o
LOAD build/default/production/NxpNfcRdLib/comps/phPlatform/src/Port/PN7462AU/phPlatform_Port_PN7462AU.o
LOAD build/default/production/NxpNfcRdLib/comps/phPlatform/src/Port/RaspberryPi/phPlatform_Port_Pi.o
LOAD build/default/production/NxpNfcRdLib/comps/phPlatform/src/Port/RaspberryPi/phPlatform_Port_PiGpio.o
LOAD build/default/production/NxpNfcRdLib/comps/phPlatform/src/phPlatform.o
LOAD build/default/production/NxpNfcRdLib/comps/phTools/src/phTools.o
LOAD build/default/production/NxpNfcRdLib/comps/phTools/src/phTools_Q.o
LOAD build/default/production/sam_reader_files/sam_interface.o
LOAD build/default/production/sam_reader_files/tda8029.o
LOAD build/default/production/main.o
LOAD build/default/production/pn5180_files/pn5180.o
                0x00000001                __MPLAB_BUILD = 0x1
LOAD c:/program files (x86)/microchip/xc32/v2.05/bin/bin/../../lib/gcc/pic32mx/4.8.3/../../../../pic32mx/lib/./proc/32MX150F128D\default_isr_vectors.o
LOAD c:/program files (x86)/microchip/xc32/v2.05/bin/bin/../../lib/gcc/pic32mx/4.8.3/../../../../pic32mx/lib\pic32_software_reset.o
                0x00000400                PROVIDE (_min_stack_size, 0x400)
LOAD c:/program files (x86)/microchip/xc32/v2.05/bin/bin/../../lib/gcc/pic32mx/4.8.3/../../../../pic32mx/lib/./proc/32MX150F128D\processor.o
START GROUP
LOAD libmchp_peripheral.a
END GROUP
START GROUP
LOAD libmchp_peripheral_32MX150F128D.a
END GROUP
                0x00000001                PROVIDE (_vector_spacing, 0x1)
                0x9d01f000                PROVIDE (_ebase_address, 0x9d01f000)
                0xbfc00000                _RESET_ADDR = 0xbfc00000
                0xbfc00380                _BEV_EXCPT_ADDR = 0xbfc00380
                0xbfc00480                _DBG_EXCPT_ADDR = 0xbfc00480
                0x9fc00490                _DBG_CODE_ADDR = 0x9fc00490
                0x00000760                _DBG_CODE_SIZE = 0x760
                0x9d01f180                _GEN_EXCPT_ADDR = (_ebase_address + 0x180)

.config_BFC00BF0
                0xbfc00bf0        0x4
 *(.config_BFC00BF0)
 .config_BFC00BF0
                0xbfc00bf0        0x4 build/default/production/mcc_generated_files/mcc.o

.config_BFC00BF4
                0xbfc00bf4        0x4
 *(.config_BFC00BF4)
 .config_BFC00BF4
                0xbfc00bf4        0x4 build/default/production/mcc_generated_files/mcc.o

.config_BFC00BF8
                0xbfc00bf8        0x4
 *(.config_BFC00BF8)
 .config_BFC00BF8
                0xbfc00bf8        0x4 build/default/production/mcc_generated_files/mcc.o

.config_BFC00BFC
                0xbfc00bfc        0x4
 *(.config_BFC00BFC)
 .config_BFC00BFC
                0xbfc00bfc        0x4 build/default/production/mcc_generated_files/mcc.o
                0xbfc02000                PROVIDE (_DBG_CODE_ADDR, 0xbfc02000)
                0x00000ff0                PROVIDE (_DBG_CODE_SIZE, 0xff0)

.reset          0xbfc00000      0x1e4
 *(.reset)
 .reset         0xbfc00000        0x8 c:/program files (x86)/microchip/xc32/v2.05/bin/bin/../../lib/gcc/pic32mx/4.8.3/../../../../pic32mx/lib/./proc/32MX150F128D/crt0_mips32r2.o
                0xbfc00000                _reset
 *(.reset.startup)
 .reset.startup
                0xbfc00008      0x1dc c:/program files (x86)/microchip/xc32/v2.05/bin/bin/../../lib/gcc/pic32mx/4.8.3/../../../../pic32mx/lib/./proc/32MX150F128D/crt0_mips32r2.o
                0xbfc00008                _startup

.bev_excpt      0xbfc00380       0x10
 *(.bev_handler)
 .bev_handler   0xbfc00380       0x10 c:/program files (x86)/microchip/xc32/v2.05/bin/bin/../../lib/gcc/pic32mx/4.8.3/../../../../pic32mx/lib/./proc/32MX150F128D/crt0_mips32r2.o

.dbg_excpt      0xbfc00480        0x0
                0xbfc00480                . = (. + DEFINED (_DEBUGGER)?0x8:0x0)

.dbg_code       0x9fc00490        0x0
                0x9fc00490                . = (. + DEFINED (_DEBUGGER)?_DBG_CODE_SIZE:0x0)

.app_excpt      0x9d01f180       0x10
 *(.gen_handler)
 .gen_handler   0x9d01f180       0x10 c:/program files (x86)/microchip/xc32/v2.05/bin/bin/../../lib/gcc/pic32mx/4.8.3/../../../../pic32mx/lib/./proc/32MX150F128D/crt0_mips32r2.o

.vector_0       0x9d01f200        0x8
 *(.vector_0)
 .vector_0      0x9d01f200        0x8 c:/program files (x86)/microchip/xc32/v2.05/bin/bin/../../lib/gcc/pic32mx/4.8.3/../../../../pic32mx/lib\libpic32.a(vector0.o)
                0x9d01f200                __vector_dispatch_0
                0x00000001                ASSERT (((_vector_spacing == 0x0) || (SIZEOF (.vector_0) <= (_vector_spacing << 0x5))), function at exception vector 0 too large)

.vector_1       0x9d01f220        0x8
 *(.vector_1)
 .vector_1      0x9d01f220        0x8 c:/program files (x86)/microchip/xc32/v2.05/bin/bin/../../lib/gcc/pic32mx/4.8.3/../../../../pic32mx/lib\libpic32.a(vector1.o)
                0x9d01f220                __vector_dispatch_1
                0x00000001                ASSERT (((_vector_spacing == 0x0) || (SIZEOF (.vector_1) <= (_vector_spacing << 0x5))), function at exception vector 1 too large)

.vector_2       0x9d01f240        0x8
 *(.vector_2)
 .vector_2      0x9d01f240        0x8 c:/program files (x86)/microchip/xc32/v2.05/bin/bin/../../lib/gcc/pic32mx/4.8.3/../../../../pic32mx/lib\libpic32.a(vector2.o)
                0x9d01f240                __vector_dispatch_2
                0x00000001                ASSERT (((_vector_spacing == 0x0) || (SIZEOF (.vector_2) <= (_vector_spacing << 0x5))), function at exception vector 2 too large)

.vector_3       0x9d01f260        0x8
 *(.vector_3)
 .vector_3      0x9d01f260        0x8 c:/program files (x86)/microchip/xc32/v2.05/bin/bin/../../lib/gcc/pic32mx/4.8.3/../../../../pic32mx/lib\libpic32.a(vector3.o)
                0x9d01f260                __vector_dispatch_3
                0x00000001                ASSERT (((_vector_spacing == 0x0) || (SIZEOF (.vector_3) <= (_vector_spacing << 0x5))), function at exception vector 3 too large)

.vector_4       0x9d01f280        0x8
 *(.vector_4)
 .vector_4      0x9d01f280        0x8 build/default/production/mcc_generated_files/tmr1.o
                0x9d01f280                __vector_dispatch_4
                0x00000001                ASSERT (((_vector_spacing == 0x0) || (SIZEOF (.vector_4) <= (_vector_spacing << 0x5))), function at exception vector 4 too large)

.vector_5       0x9d01f2a0        0x8
 *(.vector_5)
 .vector_5      0x9d01f2a0        0x8 c:/program files (x86)/microchip/xc32/v2.05/bin/bin/../../lib/gcc/pic32mx/4.8.3/../../../../pic32mx/lib\libpic32.a(vector5.o)
                0x9d01f2a0                __vector_dispatch_5
                0x00000001                ASSERT (((_vector_spacing == 0x0) || (SIZEOF (.vector_5) <= (_vector_spacing << 0x5))), function at exception vector 5 too large)

.vector_6       0x9d01f2c0        0x8
 *(.vector_6)
 .vector_6      0x9d01f2c0        0x8 c:/program files (x86)/microchip/xc32/v2.05/bin/bin/../../lib/gcc/pic32mx/4.8.3/../../../../pic32mx/lib\libpic32.a(vector6.o)
                0x9d01f2c0                __vector_dispatch_6
                0x00000001                ASSERT (((_vector_spacing == 0x0) || (SIZEOF (.vector_6) <= (_vector_spacing << 0x5))), function at exception vector 6 too large)

.vector_7       0x9d01f2e0        0x8
 *(.vector_7)
 .vector_7      0x9d01f2e0        0x8 c:/program files (x86)/microchip/xc32/v2.05/bin/bin/../../lib/gcc/pic32mx/4.8.3/../../../../pic32mx/lib\libpic32.a(vector7.o)
                0x9d01f2e0                __vector_dispatch_7
                0x00000001                ASSERT (((_vector_spacing == 0x0) || (SIZEOF (.vector_7) <= (_vector_spacing << 0x5))), function at exception vector 7 too large)

.vector_8       0x9d01f300        0x8
 *(.vector_8)
 .vector_8      0x9d01f300        0x8 build/default/production/mcc_generated_files/tmr2.o
                0x9d01f300                __vector_dispatch_8
                0x00000001                ASSERT (((_vector_spacing == 0x0) || (SIZEOF (.vector_8) <= (_vector_spacing << 0x5))), function at exception vector 8 too large)

.vector_9       0x9d01f320        0x8
 *(.vector_9)
 .vector_9      0x9d01f320        0x8 c:/program files (x86)/microchip/xc32/v2.05/bin/bin/../../lib/gcc/pic32mx/4.8.3/../../../../pic32mx/lib\libpic32.a(vector9.o)
                0x9d01f320                __vector_dispatch_9
                0x00000001                ASSERT (((_vector_spacing == 0x0) || (SIZEOF (.vector_9) <= (_vector_spacing << 0x5))), function at exception vector 9 too large)

.vector_10      0x9d01f340        0x8
 *(.vector_10)
 .vector_10     0x9d01f340        0x8 c:/program files (x86)/microchip/xc32/v2.05/bin/bin/../../lib/gcc/pic32mx/4.8.3/../../../../pic32mx/lib\libpic32.a(vector10.o)
                0x9d01f340                __vector_dispatch_10
                0x00000001                ASSERT (((_vector_spacing == 0x0) || (SIZEOF (.vector_10) <= (_vector_spacing << 0x5))), function at exception vector 10 too large)

.vector_11      0x9d01f360        0x8
 *(.vector_11)
 .vector_11     0x9d01f360        0x8 c:/program files (x86)/microchip/xc32/v2.05/bin/bin/../../lib/gcc/pic32mx/4.8.3/../../../../pic32mx/lib\libpic32.a(vector11.o)
                0x9d01f360                __vector_dispatch_11
                0x00000001                ASSERT (((_vector_spacing == 0x0) || (SIZEOF (.vector_11) <= (_vector_spacing << 0x5))), function at exception vector 11 too large)

.vector_12      0x9d01f380        0x8
 *(.vector_12)
 .vector_12     0x9d01f380        0x8 c:/program files (x86)/microchip/xc32/v2.05/bin/bin/../../lib/gcc/pic32mx/4.8.3/../../../../pic32mx/lib\libpic32.a(vector12.o)
                0x9d01f380                __vector_dispatch_12
                0x00000001                ASSERT (((_vector_spacing == 0x0) || (SIZEOF (.vector_12) <= (_vector_spacing << 0x5))), function at exception vector 12 too large)

.vector_13      0x9d01f3a0        0x8
 *(.vector_13)
 .vector_13     0x9d01f3a0        0x8 c:/program files (x86)/microchip/xc32/v2.05/bin/bin/../../lib/gcc/pic32mx/4.8.3/../../../../pic32mx/lib\libpic32.a(vector13.o)
                0x9d01f3a0                __vector_dispatch_13
                0x00000001                ASSERT (((_vector_spacing == 0x0) || (SIZEOF (.vector_13) <= (_vector_spacing << 0x5))), function at exception vector 13 too large)

.vector_14      0x9d01f3c0        0x8
 *(.vector_14)
 .vector_14     0x9d01f3c0        0x8 c:/program files (x86)/microchip/xc32/v2.05/bin/bin/../../lib/gcc/pic32mx/4.8.3/../../../../pic32mx/lib\libpic32.a(vector14.o)
                0x9d01f3c0                __vector_dispatch_14
                0x00000001                ASSERT (((_vector_spacing == 0x0) || (SIZEOF (.vector_14) <= (_vector_spacing << 0x5))), function at exception vector 14 too large)

.vector_15      0x9d01f3e0        0x8
 *(.vector_15)
 .vector_15     0x9d01f3e0        0x8 c:/program files (x86)/microchip/xc32/v2.05/bin/bin/../../lib/gcc/pic32mx/4.8.3/../../../../pic32mx/lib\libpic32.a(vector15.o)
                0x9d01f3e0                __vector_dispatch_15
                0x00000001                ASSERT (((_vector_spacing == 0x0) || (SIZEOF (.vector_15) <= (_vector_spacing << 0x5))), function at exception vector 15 too large)

.vector_16      0x9d01f400        0x8
 *(.vector_16)
 .vector_16     0x9d01f400        0x8 c:/program files (x86)/microchip/xc32/v2.05/bin/bin/../../lib/gcc/pic32mx/4.8.3/../../../../pic32mx/lib\libpic32.a(vector16.o)
                0x9d01f400                __vector_dispatch_16
                0x00000001                ASSERT (((_vector_spacing == 0x0) || (SIZEOF (.vector_16) <= (_vector_spacing << 0x5))), function at exception vector 16 too large)

.vector_17      0x9d01f420        0x8
 *(.vector_17)
 .vector_17     0x9d01f420        0x8 c:/program files (x86)/microchip/xc32/v2.05/bin/bin/../../lib/gcc/pic32mx/4.8.3/../../../../pic32mx/lib\libpic32.a(vector17.o)
                0x9d01f420                __vector_dispatch_17
                0x00000001                ASSERT (((_vector_spacing == 0x0) || (SIZEOF (.vector_17) <= (_vector_spacing << 0x5))), function at exception vector 17 too large)

.vector_18      0x9d01f440        0x8
 *(.vector_18)
 .vector_18     0x9d01f440        0x8 c:/program files (x86)/microchip/xc32/v2.05/bin/bin/../../lib/gcc/pic32mx/4.8.3/../../../../pic32mx/lib\libpic32.a(vector18.o)
                0x9d01f440                __vector_dispatch_18
                0x00000001                ASSERT (((_vector_spacing == 0x0) || (SIZEOF (.vector_18) <= (_vector_spacing << 0x5))), function at exception vector 18 too large)

.vector_19      0x9d01f460        0x8
 *(.vector_19)
 .vector_19     0x9d01f460        0x8 c:/program files (x86)/microchip/xc32/v2.05/bin/bin/../../lib/gcc/pic32mx/4.8.3/../../../../pic32mx/lib\libpic32.a(vector19.o)
                0x9d01f460                __vector_dispatch_19
                0x00000001                ASSERT (((_vector_spacing == 0x0) || (SIZEOF (.vector_19) <= (_vector_spacing << 0x5))), function at exception vector 19 too large)

.vector_20      0x9d01f480        0x8
 *(.vector_20)
 .vector_20     0x9d01f480        0x8 c:/program files (x86)/microchip/xc32/v2.05/bin/bin/../../lib/gcc/pic32mx/4.8.3/../../../../pic32mx/lib\libpic32.a(vector20.o)
                0x9d01f480                __vector_dispatch_20
                0x00000001                ASSERT (((_vector_spacing == 0x0) || (SIZEOF (.vector_20) <= (_vector_spacing << 0x5))), function at exception vector 20 too large)

.vector_21      0x9d01f4a0        0x8
 *(.vector_21)
 .vector_21     0x9d01f4a0        0x8 c:/program files (x86)/microchip/xc32/v2.05/bin/bin/../../lib/gcc/pic32mx/4.8.3/../../../../pic32mx/lib\libpic32.a(vector21.o)
                0x9d01f4a0                __vector_dispatch_21
                0x00000001                ASSERT (((_vector_spacing == 0x0) || (SIZEOF (.vector_21) <= (_vector_spacing << 0x5))), function at exception vector 21 too large)

.vector_22      0x9d01f4c0        0x8
 *(.vector_22)
 .vector_22     0x9d01f4c0        0x8 c:/program files (x86)/microchip/xc32/v2.05/bin/bin/../../lib/gcc/pic32mx/4.8.3/../../../../pic32mx/lib\libpic32.a(vector22.o)
                0x9d01f4c0                __vector_dispatch_22
                0x00000001                ASSERT (((_vector_spacing == 0x0) || (SIZEOF (.vector_22) <= (_vector_spacing << 0x5))), function at exception vector 22 too large)

.vector_23      0x9d01f4e0        0x8
 *(.vector_23)
 .vector_23     0x9d01f4e0        0x8 build/default/production/mcc_generated_files/adc1.o
                0x9d01f4e0                __vector_dispatch_23
                0x00000001                ASSERT (((_vector_spacing == 0x0) || (SIZEOF (.vector_23) <= (_vector_spacing << 0x5))), function at exception vector 23 too large)

.vector_24      0x9d01f500        0x8
 *(.vector_24)
 .vector_24     0x9d01f500        0x8 c:/program files (x86)/microchip/xc32/v2.05/bin/bin/../../lib/gcc/pic32mx/4.8.3/../../../../pic32mx/lib\libpic32.a(vector24.o)
                0x9d01f500                __vector_dispatch_24
                0x00000001                ASSERT (((_vector_spacing == 0x0) || (SIZEOF (.vector_24) <= (_vector_spacing << 0x5))), function at exception vector 24 too large)

.vector_25      0x9d01f520        0x8
 *(.vector_25)
 .vector_25     0x9d01f520        0x8 c:/program files (x86)/microchip/xc32/v2.05/bin/bin/../../lib/gcc/pic32mx/4.8.3/../../../../pic32mx/lib\libpic32.a(vector25.o)
                0x9d01f520                __vector_dispatch_25
                0x00000001                ASSERT (((_vector_spacing == 0x0) || (SIZEOF (.vector_25) <= (_vector_spacing << 0x5))), function at exception vector 25 too large)

.vector_26      0x9d01f540        0x8
 *(.vector_26)
 .vector_26     0x9d01f540        0x8 c:/program files (x86)/microchip/xc32/v2.05/bin/bin/../../lib/gcc/pic32mx/4.8.3/../../../../pic32mx/lib\libpic32.a(vector26.o)
                0x9d01f540                __vector_dispatch_26
                0x00000001                ASSERT (((_vector_spacing == 0x0) || (SIZEOF (.vector_26) <= (_vector_spacing << 0x5))), function at exception vector 26 too large)

.vector_27      0x9d01f560        0x8
 *(.vector_27)
 .vector_27     0x9d01f560        0x8 c:/program files (x86)/microchip/xc32/v2.05/bin/bin/../../lib/gcc/pic32mx/4.8.3/../../../../pic32mx/lib\libpic32.a(vector27.o)
                0x9d01f560                __vector_dispatch_27
                0x00000001                ASSERT (((_vector_spacing == 0x0) || (SIZEOF (.vector_27) <= (_vector_spacing << 0x5))), function at exception vector 27 too large)

.vector_28      0x9d01f580        0x8
 *(.vector_28)
 .vector_28     0x9d01f580        0x8 c:/program files (x86)/microchip/xc32/v2.05/bin/bin/../../lib/gcc/pic32mx/4.8.3/../../../../pic32mx/lib\libpic32.a(vector28.o)
                0x9d01f580                __vector_dispatch_28
                0x00000001                ASSERT (((_vector_spacing == 0x0) || (SIZEOF (.vector_28) <= (_vector_spacing << 0x5))), function at exception vector 28 too large)

.vector_29      0x9d01f5a0        0x8
 *(.vector_29)
 .vector_29     0x9d01f5a0        0x8 c:/program files (x86)/microchip/xc32/v2.05/bin/bin/../../lib/gcc/pic32mx/4.8.3/../../../../pic32mx/lib\libpic32.a(vector29.o)
                0x9d01f5a0                __vector_dispatch_29
                0x00000001                ASSERT (((_vector_spacing == 0x0) || (SIZEOF (.vector_29) <= (_vector_spacing << 0x5))), function at exception vector 29 too large)

.vector_30      0x9d01f5c0        0x8
 *(.vector_30)
 .vector_30     0x9d01f5c0        0x8 c:/program files (x86)/microchip/xc32/v2.05/bin/bin/../../lib/gcc/pic32mx/4.8.3/../../../../pic32mx/lib\libpic32.a(vector30.o)
                0x9d01f5c0                __vector_dispatch_30
                0x00000001                ASSERT (((_vector_spacing == 0x0) || (SIZEOF (.vector_30) <= (_vector_spacing << 0x5))), function at exception vector 30 too large)

.vector_31      0x9d01f5e0        0x8
 *(.vector_31)
 .vector_31     0x9d01f5e0        0x8 c:/program files (x86)/microchip/xc32/v2.05/bin/bin/../../lib/gcc/pic32mx/4.8.3/../../../../pic32mx/lib\libpic32.a(vector31.o)
                0x9d01f5e0                __vector_dispatch_31
                0x00000001                ASSERT (((_vector_spacing == 0x0) || (SIZEOF (.vector_31) <= (_vector_spacing << 0x5))), function at exception vector 31 too large)

.vector_32      0x9d01f600        0x8
 *(.vector_32)
 .vector_32     0x9d01f600        0x8 build/default/production/mcc_generated_files/uart1.o
                0x9d01f600                __vector_dispatch_32
                0x00000001                ASSERT (((_vector_spacing == 0x0) || (SIZEOF (.vector_32) <= (_vector_spacing << 0x5))), function at exception vector 32 too large)

.vector_33      0x9d01f620        0x8
 *(.vector_33)
 .vector_33     0x9d01f620        0x8 c:/program files (x86)/microchip/xc32/v2.05/bin/bin/../../lib/gcc/pic32mx/4.8.3/../../../../pic32mx/lib\libpic32.a(vector33.o)
                0x9d01f620                __vector_dispatch_33
                0x00000001                ASSERT (((_vector_spacing == 0x0) || (SIZEOF (.vector_33) <= (_vector_spacing << 0x5))), function at exception vector 33 too large)

.vector_34      0x9d01f640        0x8
 *(.vector_34)
 .vector_34     0x9d01f640        0x8 build/default/production/mcc_generated_files/pin_manager.o
                0x9d01f640                __vector_dispatch_34
                0x00000001                ASSERT (((_vector_spacing == 0x0) || (SIZEOF (.vector_34) <= (_vector_spacing << 0x5))), function at exception vector 34 too large)

.vector_35      0x9d01f660        0x8
 *(.vector_35)
 .vector_35     0x9d01f660        0x8 c:/program files (x86)/microchip/xc32/v2.05/bin/bin/../../lib/gcc/pic32mx/4.8.3/../../../../pic32mx/lib\libpic32.a(vector35.o)
                0x9d01f660                __vector_dispatch_35
                0x00000001                ASSERT (((_vector_spacing == 0x0) || (SIZEOF (.vector_35) <= (_vector_spacing << 0x5))), function at exception vector 35 too large)

.vector_36      0x9d01f680        0x8
 *(.vector_36)
 .vector_36     0x9d01f680        0x8 c:/program files (x86)/microchip/xc32/v2.05/bin/bin/../../lib/gcc/pic32mx/4.8.3/../../../../pic32mx/lib\libpic32.a(vector36.o)
                0x9d01f680                __vector_dispatch_36
                0x00000001                ASSERT (((_vector_spacing == 0x0) || (SIZEOF (.vector_36) <= (_vector_spacing << 0x5))), function at exception vector 36 too large)

.vector_37      0x9d01f6a0        0x8
 *(.vector_37)
 .vector_37     0x9d01f6a0        0x8 c:/program files (x86)/microchip/xc32/v2.05/bin/bin/../../lib/gcc/pic32mx/4.8.3/../../../../pic32mx/lib\libpic32.a(vector37.o)
                0x9d01f6a0                __vector_dispatch_37
                0x00000001                ASSERT (((_vector_spacing == 0x0) || (SIZEOF (.vector_37) <= (_vector_spacing << 0x5))), function at exception vector 37 too large)

.vector_38      0x9d01f6c0        0x8
 *(.vector_38)
 .vector_38     0x9d01f6c0        0x8 c:/program files (x86)/microchip/xc32/v2.05/bin/bin/../../lib/gcc/pic32mx/4.8.3/../../../../pic32mx/lib\libpic32.a(vector38.o)
                0x9d01f6c0                __vector_dispatch_38
                0x00000001                ASSERT (((_vector_spacing == 0x0) || (SIZEOF (.vector_38) <= (_vector_spacing << 0x5))), function at exception vector 38 too large)

.vector_39      0x9d01f6e0        0x8
 *(.vector_39)
 .vector_39     0x9d01f6e0        0x8 c:/program files (x86)/microchip/xc32/v2.05/bin/bin/../../lib/gcc/pic32mx/4.8.3/../../../../pic32mx/lib\libpic32.a(vector39.o)
                0x9d01f6e0                __vector_dispatch_39
                0x00000001                ASSERT (((_vector_spacing == 0x0) || (SIZEOF (.vector_39) <= (_vector_spacing << 0x5))), function at exception vector 39 too large)

.vector_40      0x9d01f700        0x8
 *(.vector_40)
 .vector_40     0x9d01f700        0x8 c:/program files (x86)/microchip/xc32/v2.05/bin/bin/../../lib/gcc/pic32mx/4.8.3/../../../../pic32mx/lib\libpic32.a(vector40.o)
                0x9d01f700                __vector_dispatch_40
                0x00000001                ASSERT (((_vector_spacing == 0x0) || (SIZEOF (.vector_40) <= (_vector_spacing << 0x5))), function at exception vector 40 too large)

.vector_41      0x9d01f720        0x8
 *(.vector_41)
 .vector_41     0x9d01f720        0x8 c:/program files (x86)/microchip/xc32/v2.05/bin/bin/../../lib/gcc/pic32mx/4.8.3/../../../../pic32mx/lib\libpic32.a(vector41.o)
                0x9d01f720                __vector_dispatch_41
                0x00000001                ASSERT (((_vector_spacing == 0x0) || (SIZEOF (.vector_41) <= (_vector_spacing << 0x5))), function at exception vector 41 too large)

.vector_42      0x9d01f740        0x8
 *(.vector_42)
 .vector_42     0x9d01f740        0x8 c:/program files (x86)/microchip/xc32/v2.05/bin/bin/../../lib/gcc/pic32mx/4.8.3/../../../../pic32mx/lib\libpic32.a(vector42.o)
                0x9d01f740                __vector_dispatch_42
                0x00000001                ASSERT (((_vector_spacing == 0x0) || (SIZEOF (.vector_42) <= (_vector_spacing << 0x5))), function at exception vector 42 too large)

.vector_43      0x9d01f760        0x8
 *(.vector_43)
 .vector_43     0x9d01f760        0x8 c:/program files (x86)/microchip/xc32/v2.05/bin/bin/../../lib/gcc/pic32mx/4.8.3/../../../../pic32mx/lib\libpic32.a(vector43.o)
                0x9d01f760                __vector_dispatch_43
                0x00000001                ASSERT (((_vector_spacing == 0x0) || (SIZEOF (.vector_43) <= (_vector_spacing << 0x5))), function at exception vector 43 too large)

.vector_44      0x9d01f780        0x0
 *(.vector_44)
                0x00000001                ASSERT (((_vector_spacing == 0x0) || (SIZEOF (.vector_44) <= (_vector_spacing << 0x5))), function at exception vector 44 too large)

.vector_45      0x9d01f7a0        0x0
 *(.vector_45)
                0x00000001                ASSERT (((_vector_spacing == 0x0) || (SIZEOF (.vector_45) <= (_vector_spacing << 0x5))), function at exception vector 45 too large)

.vector_46      0x9d01f7c0        0x0
 *(.vector_46)
                0x00000001                ASSERT (((_vector_spacing == 0x0) || (SIZEOF (.vector_46) <= (_vector_spacing << 0x5))), function at exception vector 46 too large)

.vector_47      0x9d01f7e0        0x0
 *(.vector_47)
                0x00000001                ASSERT (((_vector_spacing == 0x0) || (SIZEOF (.vector_47) <= (_vector_spacing << 0x5))), function at exception vector 47 too large)

.vector_48      0x9d01f800        0x0
 *(.vector_48)
                0x00000001                ASSERT (((_vector_spacing == 0x0) || (SIZEOF (.vector_48) <= (_vector_spacing << 0x5))), function at exception vector 48 too large)

.vector_49      0x9d01f820        0x0
 *(.vector_49)
                0x00000001                ASSERT (((_vector_spacing == 0x0) || (SIZEOF (.vector_49) <= (_vector_spacing << 0x5))), function at exception vector 49 too large)

.vector_50      0x9d01f840        0x0
 *(.vector_50)
                0x00000001                ASSERT (((_vector_spacing == 0x0) || (SIZEOF (.vector_50) <= (_vector_spacing << 0x5))), function at exception vector 50 too large)

.vector_51      0x9d01f860        0x0
 *(.vector_51)
                0x00000001                ASSERT (((_vector_spacing == 0x0) || (SIZEOF (.vector_51) <= (_vector_spacing << 0x5))), function at exception vector 51 too large)

.vector_52      0x9d01f880        0x0
 *(.vector_52)
                0x00000001                ASSERT (((_vector_spacing == 0x0) || (SIZEOF (.vector_52) <= (_vector_spacing << 0x5))), function at exception vector 52 too large)

.vector_53      0x9d01f8a0        0x0
 *(.vector_53)
                0x00000001                ASSERT (((_vector_spacing == 0x0) || (SIZEOF (.vector_53) <= (_vector_spacing << 0x5))), function at exception vector 53 too large)

.vector_54      0x9d01f8c0        0x0
 *(.vector_54)
                0x00000001                ASSERT (((_vector_spacing == 0x0) || (SIZEOF (.vector_54) <= (_vector_spacing << 0x5))), function at exception vector 54 too large)

.vector_55      0x9d01f8e0        0x0
 *(.vector_55)
                0x00000001                ASSERT (((_vector_spacing == 0x0) || (SIZEOF (.vector_55) <= (_vector_spacing << 0x5))), function at exception vector 55 too large)

.vector_56      0x9d01f900        0x0
 *(.vector_56)
                0x00000001                ASSERT (((_vector_spacing == 0x0) || (SIZEOF (.vector_56) <= (_vector_spacing << 0x5))), function at exception vector 56 too large)

.vector_57      0x9d01f920        0x0
 *(.vector_57)
                0x00000001                ASSERT (((_vector_spacing == 0x0) || (SIZEOF (.vector_57) <= (_vector_spacing << 0x5))), function at exception vector 57 too large)

.vector_58      0x9d01f940        0x0
 *(.vector_58)
                0x00000001                ASSERT (((_vector_spacing == 0x0) || (SIZEOF (.vector_58) <= (_vector_spacing << 0x5))), function at exception vector 58 too large)

.vector_59      0x9d01f960        0x0
 *(.vector_59)
                0x00000001                ASSERT (((_vector_spacing == 0x0) || (SIZEOF (.vector_59) <= (_vector_spacing << 0x5))), function at exception vector 59 too large)

.vector_60      0x9d01f980        0x0
 *(.vector_60)
                0x00000001                ASSERT (((_vector_spacing == 0x0) || (SIZEOF (.vector_60) <= (_vector_spacing << 0x5))), function at exception vector 60 too large)

.vector_61      0x9d01f9a0        0x0
 *(.vector_61)
                0x00000001                ASSERT (((_vector_spacing == 0x0) || (SIZEOF (.vector_61) <= (_vector_spacing << 0x5))), function at exception vector 61 too large)

.vector_62      0x9d01f9c0        0x0
 *(.vector_62)
                0x00000001                ASSERT (((_vector_spacing == 0x0) || (SIZEOF (.vector_62) <= (_vector_spacing << 0x5))), function at exception vector 62 too large)

.vector_63      0x9d01f9e0        0x0
 *(.vector_63)
                0x00000001                ASSERT (((_vector_spacing == 0x0) || (SIZEOF (.vector_63) <= (_vector_spacing << 0x5))), function at exception vector 63 too large)

.startup
 *(.startup)

.text           0x9d000000        0x0
 *(.stub .gnu.linkonce.t.*)
 *(.text.*personality*)
 *(.mips16.fn.*)
 *(.mips16.call.*)
 *(.gnu.warning)
                0x9d000000                . = ALIGN (0x4)

.init           0x9d000000        0x0
 *crti.o(.init)
 *crtbegin.o(.init)
 *(EXCLUDE_FILE(*crtn.o *crtend?.o *crtend.o) .init)
 *crtend.o(.init)
 *crtn.o(.init)
                0x9d000000                . = ALIGN (0x4)

.fini           0x9d000000        0x0
 *(.fini)
                0x9d000000                . = ALIGN (0x4)

.preinit_array  0x9d000000        0x0
                0x9d000000                PROVIDE (__preinit_array_start, .)
 *(.preinit_array)
                0x9d000000                PROVIDE (__preinit_array_end, .)
                0x9d000000                . = ALIGN (0x4)

.init_array     0x9d000000        0x0
                0x9d000000                PROVIDE (__init_array_start, .)
 *(SORT(.init_array.*))
 *(.init_array)
                0x9d000000                PROVIDE (__init_array_end, .)
                0x9d000000                . = ALIGN (0x4)

.fini_array     0x9d000000        0x0
                0x9d000000                PROVIDE (__fini_array_start, .)
 *(SORT(.fini_array.*))
 *(.fini_array)
                0x9d000000                PROVIDE (__fini_array_end, .)
                0x9d000000                . = ALIGN (0x4)

.ctors          0x9d000000        0x0
 *crtbegin.o(.ctors)
 *crtbegin?.o(.ctors)
 *(EXCLUDE_FILE(*crtend?.o *crtend.o) .ctors)
 *(SORT(.ctors.*))
 *(.ctors)
                0x9d000000                . = ALIGN (0x4)

.dtors          0x9d000000        0x0
 *crtbegin.o(.dtors)
 *crtbegin?.o(.dtors)
 *(EXCLUDE_FILE(*crtend?.o *crtend.o) .dtors)
 *(SORT(.dtors.*))
 *(.dtors)
                0x9d000000                . = ALIGN (0x4)

.rodata         0x9d000000        0x0
 *(.gnu.linkonce.r.*)
 *(.rodata1)
                0x9d000000                . = ALIGN (0x4)

.sdata2         0x9fc00490        0x0
 *(.sdata2 .sdata2.* .gnu.linkonce.s2.*)
                0x9fc00490                . = ALIGN (0x4)

.sbss2          0x9fc00490        0x0
 *(.sbss2 .sbss2.* .gnu.linkonce.sb2.*)
                0x9fc00490                . = ALIGN (0x4)

.eh_frame_hdr
 *(.eh_frame_hdr)
                0x9fc00490                . = ALIGN (0x4)

.eh_frame
 *(.eh_frame)
                0x9fc00490                . = ALIGN (0x4)

.gcc_except_table
 *(.gcc_except_table .gcc_except_table.*)
                0x9fc00490                . = ALIGN (0x4)

.dbg_data       0xa0000000        0x0
                0xa0000000                . = (. + DEFINED (_DEBUGGER)?0x200:0x0)

.jcr            0xa0000000        0x0
 *(.jcr)
                0xa0000000                . = ALIGN (0x4)

.eh_frame
 *(.eh_frame)
                0xa0000000                . = ALIGN (0x4)

.gcc_except_table
 *(.gcc_except_table .gcc_except_table.*)
                0xa0000000                . = ALIGN (0x4)

.persist        0xa0000000        0x0
                0xa0000000                _persist_begin = .
 *(.persist .persist.*)
 *(.pbss .pbss.*)
                0xa0000000                . = ALIGN (0x4)
                0xa0000000                _persist_end = .

.data           0xa0000000        0x0
 *(.gnu.linkonce.d.*)
 *(.data1)
                0xa0000000                . = ALIGN (0x4)
                0xa0000000                . = .
                0xa0007ff0                _gp = (ALIGN (0x10) + 0x7ff0)

.got            0xa0000000        0x0
 *(.got.plt)
 *(.got)
                0xa0000000                . = ALIGN (0x4)

.sdata          0xa0000000        0x8
                0xa0000000                _sdata_begin = .
 *(.sdata .sdata.* .gnu.linkonce.s.*)
 .sdata.PIN.PIN
                0xa0000000        0x8 build/default/production/sam_reader_files/sam_interface.o
                0xa0000000                PIN
                0xa0000008                . = ALIGN (0x4)
                0xa0000008                _sdata_end = .

.lit8
 *(.lit8)

.lit4
 *(.lit4)
                0xa0000008                . = ALIGN (0x4)
                0xa0000008                _data_end = .
                0xa0000008                _bss_begin = .

.sbss           0xa0000008       0x44
                0xa0000008                _sbss_begin = .
 *(.dynsbss)
 *(.sbss .sbss.* .gnu.linkonce.sb.*)
 .sbss.tmr2_obj.tmr2_obj
                0xa0000008        0x4 build/default/production/mcc_generated_files/tmr2.o
 .sbss.tmr1_obj.tmr1_obj
                0xa000000c        0x8 build/default/production/mcc_generated_files/tmr1.o
 .sbss.CountCallBack.7096.CountCallBack
                0xa0000014        0x4 build/default/production/mcc_generated_files/tmr1.o
 .sbss.gbWaitTimedOut.gbWaitTimedOut
                0xa0000018        0x1 build/default/production/NxpNfcRdLib/comps/phOsal/src/NullOs/phOsal_NullOs.o
 *fill*         0xa0000019        0x3 
 .sbss.gdwEventBitMap.gdwEventBitMap
                0xa000001c        0x4 build/default/production/NxpNfcRdLib/comps/phOsal/src/NullOs/phOsal_NullOs.o
 .sbss.gCurrentEventHandle.gCurrentEventHandle
                0xa0000020        0x4 build/default/production/NxpNfcRdLib/comps/phOsal/src/NullOs/phOsal_NullOs.o
 .sbss.pTickCallBack.pTickCallBack
                0xa0000024        0x4 build/default/production/NxpNfcRdLib/comps/phPlatform/src/Port/PIC32MX/phPlatform_Port_PIC32MXTimer.o
 .sbss.qwLoadValue.qwLoadValue
                0xa0000028        0x8 build/default/production/NxpNfcRdLib/comps/phPlatform/src/Port/PIC32MX/phPlatform_Port_PIC32MXTimer.o
 .sbss.dwSysTickTimerFreq.dwSysTickTimerFreq
                0xa0000030        0x4 build/default/production/NxpNfcRdLib/comps/phPlatform/src/Port/PIC32MX/phPlatform_Port_PIC32MXTimer.o
 .sbss.dwTimerBusyFlags.dwTimerBusyFlags
                0xa0000034        0x4 build/default/production/NxpNfcRdLib/comps/phPlatform/src/Port/PIC32MX/phPlatform_Port_PIC32MXTimer.o
 .sbss.gpphTools_Q_PoolHead.gpphTools_Q_PoolHead
                0xa0000038        0x4 build/default/production/NxpNfcRdLib/comps/phTools/src/phTools_Q.o
 .sbss.gpphTools_Q_Msgs.gpphTools_Q_Msgs
                0xa000003c        0x4 build/default/production/NxpNfcRdLib/comps/phTools/src/phTools_Q.o
 .sbss.bQCount.bQCount
                0xa0000040        0x1 build/default/production/NxpNfcRdLib/comps/phTools/src/phTools_Q.o
 .sbss.bNoOfMsgs.1852.bNoOfMsgs
                0xa0000041        0x1 build/default/production/NxpNfcRdLib/comps/phTools/src/phTools_Q.o
 .sbss.sam_Verified.sam_Verified
                0xa0000042        0x1 build/default/production/sam_reader_files/sam_interface.o
                0xa0000042                sam_Verified
 *(.scommon)
 *fill*         0xa0000043        0x1 
 .scommon       0xa0000044        0x4 build/default/production/nxp_reader_config_files/phApp_Init.o
                0xa0000044                pHal
 .scommon       0xa0000048        0x4 build/default/production/NxpNfcRdLib/comps/phPlatform/src/phPlatform.o
                0xa0000048                gpphPlatform_DataParams
 .scommon       0xa000004c        0x0 build/default/production/main.o
 .scommon       0xa000004c        0x0 build/default/production/pn5180_files/pn5180.o
                0xa000004c                _sbss_end = .
                0xa000004c                . = ALIGN (0x4)

.bss            0xa000004c      0x368
 *(.dynbss)
 *(COMMON)
 COMMON         0xa000004c      0x368 build/default/production/nxp_reader_config_files/phApp_Init.o
                0xa000004c                sDiscLoop
                0xa00000c0                spalI14443p4
                0xa00000d4                aResponseHolder
                0xa0000114                spalI14443p4a
                0xa0000128                sPlatform
                0xa000031c                salMFDF
                0xa0000384                spalI14443p3a
                0xa000039c                salMFC
                0xa00003a8                spalMifare
                0xa00003b4                . = ALIGN ((. != 0x0)?0x4:0x1)
                0xa00003b4                . = ALIGN (0x4)
                0xa00003b4                _end = .
                0xa00003b4                _bss_end = .
                0x00008000                _bmxdudba_address = 0x8000
                0x00008000                _bmxdupba_address = 0x8000

/DISCARD/
 *(.pdr)
 *(.rel.dyn)
 *(.note.GNU-stack)
 *(.note.GNU-stack)
 *(.gnu_debuglink)
 *(.gnu.lto_*)
 *(.discard)

.gptab.sdata
 *(.gptab.data)
 *(.gptab.sdata)

.gptab.sbss
 *(.gptab.bss)
 *(.gptab.sbss)

.mdebug.abi32   0xa00003b4        0x0
 *(.mdebug.abi32)
 .mdebug.abi32  0xa00003b4        0x0 build/default/production/mcc_generated_files/tmr2.o
 .mdebug.abi32  0xa00003b4        0x0 build/default/production/mcc_generated_files/uart1.o
 .mdebug.abi32  0xa00003b4        0x0 build/default/production/mcc_generated_files/interrupt_manager.o
 .mdebug.abi32  0xa00003b4        0x0 build/default/production/mcc_generated_files/tmr1.o
 .mdebug.abi32  0xa00003b4        0x0 build/default/production/mcc_generated_files/mcc.o
 .mdebug.abi32  0xa00003b4        0x0 build/default/production/mcc_generated_files/pin_manager.o
 .mdebug.abi32  0xa00003b4        0x0 build/default/production/mcc_generated_files/spi1.o
 .mdebug.abi32  0xa00003b4        0x0 build/default/production/mcc_generated_files/adc1.o
 .mdebug.abi32  0xa00003b4        0x0 build/default/production/mcc_generated_files/spi2.o
 .mdebug.abi32  0xa00003b4        0x0 build/default/production/nxp_reader_config_files/phApp_Init.o
 .mdebug.abi32  0xa00003b4        0x0 build/default/production/NxpNfcRdLib/comps/phacDiscLoop/src/Sw/phacDiscLoop_Sw.o
 .mdebug.abi32  0xa00003b4        0x0 build/default/production/NxpNfcRdLib/comps/phacDiscLoop/src/Sw/phacDiscLoop_Sw_Int.o
 .mdebug.abi32  0xa00003b4        0x0 build/default/production/NxpNfcRdLib/comps/phacDiscLoop/src/Sw/phacDiscLoop_Sw_Int_A.o
 .mdebug.abi32  0xa00003b4        0x0 build/default/production/NxpNfcRdLib/comps/phacDiscLoop/src/Sw/phacDiscLoop_Sw_Int_B.o
 .mdebug.abi32  0xa00003b4        0x0 build/default/production/NxpNfcRdLib/comps/phacDiscLoop/src/Sw/phacDiscLoop_Sw_Int_F.o
 .mdebug.abi32  0xa00003b4        0x0 build/default/production/NxpNfcRdLib/comps/phacDiscLoop/src/Sw/phacDiscLoop_Sw_Int_I18000p3m3.o
 .mdebug.abi32  0xa00003b4        0x0 build/default/production/NxpNfcRdLib/comps/phacDiscLoop/src/Sw/phacDiscLoop_Sw_Int_V.o
 .mdebug.abi32  0xa00003b4        0x0 build/default/production/NxpNfcRdLib/comps/phacDiscLoop/src/phacDiscLoop.o
 .mdebug.abi32  0xa00003b4        0x0 build/default/production/NxpNfcRdLib/comps/phalFelica/src/Sw/phalFelica_Sw.o
 .mdebug.abi32  0xa00003b4        0x0 build/default/production/NxpNfcRdLib/comps/phalFelica/src/phalFelica.o
 .mdebug.abi32  0xa00003b4        0x0 build/default/production/NxpNfcRdLib/comps/phalI15693/src/Sw/phalI15693_Sw.o
 .mdebug.abi32  0xa00003b4        0x0 build/default/production/NxpNfcRdLib/comps/phalI15693/src/phalI15693.o
 .mdebug.abi32  0xa00003b4        0x0 build/default/production/NxpNfcRdLib/comps/phalI18000p3m3/src/Sw/phalI18000p3m3_Sw.o
 .mdebug.abi32  0xa00003b4        0x0 build/default/production/NxpNfcRdLib/comps/phalI18000p3m3/src/Sw/phalI18000p3m3_Sw_Int.o
 .mdebug.abi32  0xa00003b4        0x0 build/default/production/NxpNfcRdLib/comps/phalI18000p3m3/src/phalI18000p3m3.o
 .mdebug.abi32  0xa00003b4        0x0 build/default/production/NxpNfcRdLib/comps/phalMfc/src/Sw/phalMfc_Sw.o
 .mdebug.abi32  0xa00003b4        0x0 build/default/production/NxpNfcRdLib/comps/phalMfc/src/phalMfc.o
 .mdebug.abi32  0xa00003b4        0x0 build/default/production/NxpNfcRdLib/comps/phalMfc/src/phalMfc_Int.o
 .mdebug.abi32  0xa00003b4        0x0 build/default/production/NxpNfcRdLib/comps/phalMfdf/src/Sw/phalMfdf_Sw.o
 .mdebug.abi32  0xa00003b4        0x0 build/default/production/NxpNfcRdLib/comps/phalMfdf/src/Sw/phalMfdf_Sw_Int.o
 .mdebug.abi32  0xa00003b4        0x0 build/default/production/NxpNfcRdLib/comps/phalMfdf/src/phalMfdf.o
 .mdebug.abi32  0xa00003b4        0x0 build/default/production/NxpNfcRdLib/comps/phalMfdf/src/phalMfdf_Int.o
 .mdebug.abi32  0xa00003b4        0x0 build/default/production/NxpNfcRdLib/comps/phalMful/src/Sw/phalMful_Sw.o
 .mdebug.abi32  0xa00003b4        0x0 build/default/production/NxpNfcRdLib/comps/phalMful/src/phalMful.o
 .mdebug.abi32  0xa00003b4        0x0 build/default/production/NxpNfcRdLib/comps/phalMful/src/phalMful_Int.o
 .mdebug.abi32  0xa00003b4        0x0 build/default/production/NxpNfcRdLib/comps/phalSli/src/Sw/phalSli_Sw.o
 .mdebug.abi32  0xa00003b4        0x0 build/default/production/NxpNfcRdLib/comps/phalSli/src/phalSli.o
 .mdebug.abi32  0xa00003b4        0x0 build/default/production/NxpNfcRdLib/comps/phalT1T/src/Sw/phalT1T_Sw.o
 .mdebug.abi32  0xa00003b4        0x0 build/default/production/NxpNfcRdLib/comps/phalT1T/src/phalT1T.o
 .mdebug.abi32  0xa00003b4        0x0 build/default/production/NxpNfcRdLib/comps/phalTop/src/Sw/phalTop_Sw.o
 .mdebug.abi32  0xa00003b4        0x0 build/default/production/NxpNfcRdLib/comps/phalTop/src/Sw/phalTop_Sw_Int_T1T.o
 .mdebug.abi32  0xa00003b4        0x0 build/default/production/NxpNfcRdLib/comps/phalTop/src/Sw/phalTop_Sw_Int_T2T.o
 .mdebug.abi32  0xa00003b4        0x0 build/default/production/NxpNfcRdLib/comps/phalTop/src/Sw/phalTop_Sw_Int_T3T.o
 .mdebug.abi32  0xa00003b4        0x0 build/default/production/NxpNfcRdLib/comps/phalTop/src/Sw/phalTop_Sw_Int_T4T.o
 .mdebug.abi32  0xa00003b4        0x0 build/default/production/NxpNfcRdLib/comps/phalTop/src/Sw/phalTop_Sw_Int_T5T.o
 .mdebug.abi32  0xa00003b4        0x0 build/default/production/NxpNfcRdLib/comps/phalTop/src/phalTop.o
 .mdebug.abi32  0xa00003b4        0x0 build/default/production/NxpNfcRdLib/comps/phbalReg/src/KinetisI2C/phbalReg_KinetisI2C.o
 .mdebug.abi32  0xa00003b4        0x0 build/default/production/NxpNfcRdLib/comps/phbalReg/src/KinetisSPI/phbalReg_KinetisSpi.o
 .mdebug.abi32  0xa00003b4        0x0 build/default/production/NxpNfcRdLib/comps/phbalReg/src/LinuxKernelSpi/phbalReg_LinuxKernelSpi.o
 .mdebug.abi32  0xa00003b4        0x0 build/default/production/NxpNfcRdLib/comps/phbalReg/src/LinuxUserI2C/phbalReg_LinuxUserI2C.o
 .mdebug.abi32  0xa00003b4        0x0 build/default/production/NxpNfcRdLib/comps/phbalReg/src/LinuxUserSpi/phbalReg_LinuxUserSpi.o
 .mdebug.abi32  0xa00003b4        0x0 build/default/production/NxpNfcRdLib/comps/phbalReg/src/LpcOpenI2C/phbalReg_LpcOpenI2c.o
 .mdebug.abi32  0xa00003b4        0x0 build/default/production/NxpNfcRdLib/comps/phbalReg/src/LpcOpenSPI/phbalReg_LpcOpenSpi.o
 .mdebug.abi32  0xa00003b4        0x0 build/default/production/NxpNfcRdLib/comps/phbalReg/src/Pic32mxSPI/phbalReg_Pic32mxSpi.o
 .mdebug.abi32  0xa00003b4        0x0 build/default/production/NxpNfcRdLib/comps/phbalReg/src/phbalReg.o
 .mdebug.abi32  0xa00003b4        0x0 build/default/production/NxpNfcRdLib/comps/phceT4T/src/Sw/phceT4T_Sw.o
 .mdebug.abi32  0xa00003b4        0x0 build/default/production/NxpNfcRdLib/comps/phceT4T/src/Sw/phceT4T_Sw_Int.o
 .mdebug.abi32  0xa00003b4        0x0 build/default/production/NxpNfcRdLib/comps/phceT4T/src/phceT4T.o
 .mdebug.abi32  0xa00003b4        0x0 build/default/production/NxpNfcRdLib/comps/phCidManager/src/Sw/phCidManager_Sw.o
 .mdebug.abi32  0xa00003b4        0x0 build/default/production/NxpNfcRdLib/comps/phCidManager/src/phCidManager.o
 .mdebug.abi32  0xa00003b4        0x0 build/default/production/NxpNfcRdLib/comps/phCryptoRng/src/Sw/phCryptoRng_Sw.o
 .mdebug.abi32  0xa00003b4        0x0 build/default/production/NxpNfcRdLib/comps/phCryptoRng/src/phCryptoRng.o
 .mdebug.abi32  0xa00003b4        0x0 build/default/production/NxpNfcRdLib/comps/phCryptoSym/src/Sw/phCryptoSym_Sw.o
 .mdebug.abi32  0xa00003b4        0x0 build/default/production/NxpNfcRdLib/comps/phCryptoSym/src/Sw/phCryptoSym_Sw_Aes.o
 .mdebug.abi32  0xa00003b4        0x0 build/default/production/NxpNfcRdLib/comps/phCryptoSym/src/Sw/phCryptoSym_Sw_Des.o
 .mdebug.abi32  0xa00003b4        0x0 build/default/production/NxpNfcRdLib/comps/phCryptoSym/src/Sw/phCryptoSym_Sw_Int.o
 .mdebug.abi32  0xa00003b4        0x0 build/default/production/NxpNfcRdLib/comps/phCryptoSym/src/phCryptoSym.o
 .mdebug.abi32  0xa00003b4        0x0 build/default/production/NxpNfcRdLib/comps/phhalHw/src/Pn5180/phhalHw_Pn5180.o
 .mdebug.abi32  0xa00003b4        0x0 build/default/production/NxpNfcRdLib/comps/phhalHw/src/Pn5180/phhalHw_Pn5180_Instr.o
 .mdebug.abi32  0xa00003b4        0x0 build/default/production/NxpNfcRdLib/comps/phhalHw/src/Pn5180/phhalHw_Pn5180_Int.o
 .mdebug.abi32  0xa00003b4        0x0 build/default/production/NxpNfcRdLib/comps/phhalHw/src/Pn5180/phhalHw_Pn5180_Wait.o
 .mdebug.abi32  0xa00003b4        0x0 build/default/production/NxpNfcRdLib/comps/phhalHw/src/PN7462AU/phhalHw_PN7462AU.o
 .mdebug.abi32  0xa00003b4        0x0 build/default/production/NxpNfcRdLib/comps/phhalHw/src/PN7462AU/phhalHw_PN7462AU_Int.o
 .mdebug.abi32  0xa00003b4        0x0 build/default/production/NxpNfcRdLib/comps/phhalHw/src/Rc523/phhalHw_Rc523.o
 .mdebug.abi32  0xa00003b4        0x0 build/default/production/NxpNfcRdLib/comps/phhalHw/src/Rc523/phhalHw_Rc523_Cmd.o
 .mdebug.abi32  0xa00003b4        0x0 build/default/production/NxpNfcRdLib/comps/phhalHw/src/Rc523/phhalHw_Rc523_Int.o
 .mdebug.abi32  0xa00003b4        0x0 build/default/production/NxpNfcRdLib/comps/phhalHw/src/Rc523/phhalHw_Rc523_Wait.o
 .mdebug.abi32  0xa00003b4        0x0 build/default/production/NxpNfcRdLib/comps/phhalHw/src/Rc663/phhalHw_Rc663.o
 .mdebug.abi32  0xa00003b4        0x0 build/default/production/NxpNfcRdLib/comps/phhalHw/src/Rc663/phhalHw_Rc663_Cmd.o
 .mdebug.abi32  0xa00003b4        0x0 build/default/production/NxpNfcRdLib/comps/phhalHw/src/Rc663/phhalHw_Rc663_Int.o
 .mdebug.abi32  0xa00003b4        0x0 build/default/production/NxpNfcRdLib/comps/phhalHw/src/Rc663/phhalHw_Rc663_Wait.o
 .mdebug.abi32  0xa00003b4        0x0 build/default/production/NxpNfcRdLib/comps/phhalHw/src/phhalHw.o
 .mdebug.abi32  0xa00003b4        0x0 build/default/production/NxpNfcRdLib/comps/phKeyStore/src/Rc663/phKeyStore_Rc663.o
 .mdebug.abi32  0xa00003b4        0x0 build/default/production/NxpNfcRdLib/comps/phKeyStore/src/Sw/phKeyStore_Sw.o
 .mdebug.abi32  0xa00003b4        0x0 build/default/production/NxpNfcRdLib/comps/phKeyStore/src/phKeyStore.o
 .mdebug.abi32  0xa00003b4        0x0 build/default/production/NxpNfcRdLib/comps/phlnLlcp/src/Sw/phlnLlcp_Sw.o
 .mdebug.abi32  0xa00003b4        0x0 build/default/production/NxpNfcRdLib/comps/phlnLlcp/src/Sw/phlnLlcp_Sw_Int.o
 .mdebug.abi32  0xa00003b4        0x0 build/default/production/NxpNfcRdLib/comps/phlnLlcp/src/Sw/phlnLlcp_Sw_Mac.o
 .mdebug.abi32  0xa00003b4        0x0 build/default/production/NxpNfcRdLib/comps/phlnLlcp/src/Sw/phlnLlcp_Sw_Transport.o
 .mdebug.abi32  0xa00003b4        0x0 build/default/production/NxpNfcRdLib/comps/phlnLlcp/src/Sw/phlnLlcp_Sw_Transport_Connection.o
 .mdebug.abi32  0xa00003b4        0x0 build/default/production/NxpNfcRdLib/comps/phlnLlcp/src/Sw/phlnLlcp_Sw_Transport_Connectionless.o
 .mdebug.abi32  0xa00003b4        0x0 build/default/production/NxpNfcRdLib/comps/phlnLlcp/src/Sw/phlnLlcp_Timers.o
 .mdebug.abi32  0xa00003b4        0x0 build/default/production/NxpNfcRdLib/comps/phlnLlcp/src/phlnLlcp.o
 .mdebug.abi32  0xa00003b4        0x0 build/default/production/NxpNfcRdLib/comps/phLog/src/phLog.o
 .mdebug.abi32  0xa00003b4        0x0 build/default/production/NxpNfcRdLib/comps/phNfcLib/src/phNfcLib.o
 .mdebug.abi32  0xa00003b4        0x0 build/default/production/NxpNfcRdLib/comps/phNfcLib/src/phNfcLib_15693.o
 .mdebug.abi32  0xa00003b4        0x0 build/default/production/NxpNfcRdLib/comps/phNfcLib/src/phNfcLib_18000p3m3.o
 .mdebug.abi32  0xa00003b4        0x0 build/default/production/NxpNfcRdLib/comps/phNfcLib/src/phNfcLib_MFC.o
 .mdebug.abi32  0xa00003b4        0x0 build/default/production/NxpNfcRdLib/comps/phNfcLib/src/phNfcLib_MFDF.o
 .mdebug.abi32  0xa00003b4        0x0 build/default/production/NxpNfcRdLib/comps/phNfcLib/src/phNfcLib_MFUL.o
 .mdebug.abi32  0xa00003b4        0x0 build/default/production/NxpNfcRdLib/comps/phNfcLib/src/phNfcLib_Utility.o
 .mdebug.abi32  0xa00003b4        0x0 build/default/production/NxpNfcRdLib/comps/phnpSnep/src/Sw/phnpSnep_Sw.o
 .mdebug.abi32  0xa00003b4        0x0 build/default/production/NxpNfcRdLib/comps/phnpSnep/src/phnpSnep.o
 .mdebug.abi32  0xa00003b4        0x0 build/default/production/NxpNfcRdLib/comps/phOsal/src/Freertos/phOsal_Freertos.o
 .mdebug.abi32  0xa00003b4        0x0 build/default/production/NxpNfcRdLib/comps/phOsal/src/Linux/phOsal_Linux.o
 .mdebug.abi32  0xa00003b4        0x0 build/default/production/NxpNfcRdLib/comps/phOsal/src/NullOs/phOsal_NullOs.o
 .mdebug.abi32  0xa00003b4        0x0 build/default/production/NxpNfcRdLib/comps/phpalEpcUid/src/Sw/phpalEpcUid_Sw.o
 .mdebug.abi32  0xa00003b4        0x0 build/default/production/NxpNfcRdLib/comps/phpalEpcUid/src/phpalEpcUid.o
 .mdebug.abi32  0xa00003b4        0x0 build/default/production/NxpNfcRdLib/comps/phpalFelica/src/Sw/phpalFelica_Sw.o
 .mdebug.abi32  0xa00003b4        0x0 build/default/production/NxpNfcRdLib/comps/phpalFelica/src/phpalFelica.o
 .mdebug.abi32  0xa00003b4        0x0 build/default/production/NxpNfcRdLib/comps/phpalI14443p3a/src/Sw/phpalI14443p3a_Sw.o
 .mdebug.abi32  0xa00003b4        0x0 build/default/production/NxpNfcRdLib/comps/phpalI14443p3a/src/phpalI14443p3a.o
 .mdebug.abi32  0xa00003b4        0x0 build/default/production/NxpNfcRdLib/comps/phpalI14443p3b/src/Sw/phpalI14443p3b_Sw.o
 .mdebug.abi32  0xa00003b4        0x0 build/default/production/NxpNfcRdLib/comps/phpalI14443p3b/src/phpalI14443p3b.o
 .mdebug.abi32  0xa00003b4        0x0 build/default/production/NxpNfcRdLib/comps/phpalI14443p4/src/Sw/phpalI14443p4_Sw.o
 .mdebug.abi32  0xa00003b4        0x0 build/default/production/NxpNfcRdLib/comps/phpalI14443p4/src/phpalI14443p4.o
 .mdebug.abi32  0xa00003b4        0x0 build/default/production/NxpNfcRdLib/comps/phpalI14443p4a/src/Sw/phpalI14443p4a_Sw.o
 .mdebug.abi32  0xa00003b4        0x0 build/default/production/NxpNfcRdLib/comps/phpalI14443p4a/src/phpalI14443p4a.o
 .mdebug.abi32  0xa00003b4        0x0 build/default/production/NxpNfcRdLib/comps/phpalI14443p4mC/src/Sw/phpalI14443p4mC_Sw.o
 .mdebug.abi32  0xa00003b4        0x0 build/default/production/NxpNfcRdLib/comps/phpalI14443p4mC/src/Sw/phpalI14443p4mC_Sw_Int.o
 .mdebug.abi32  0xa00003b4        0x0 build/default/production/NxpNfcRdLib/comps/phpalI14443p4mC/src/phpalI14443p4mC.o
 .mdebug.abi32  0xa00003b4        0x0 build/default/production/NxpNfcRdLib/comps/phpalI18000p3m3/src/Sw/phpalI18000p3m3_Sw.o
 .mdebug.abi32  0xa00003b4        0x0 build/default/production/NxpNfcRdLib/comps/phpalI18000p3m3/src/phpalI18000p3m3.o
 .mdebug.abi32  0xa00003b4        0x0 build/default/production/NxpNfcRdLib/comps/phpalI18092mPI/src/Sw/phpalI18092mPI_Sw.o
 .mdebug.abi32  0xa00003b4        0x0 build/default/production/NxpNfcRdLib/comps/phpalI18092mPI/src/Sw/phpalI18092mPI_Sw_Int.o
 .mdebug.abi32  0xa00003b4        0x0 build/default/production/NxpNfcRdLib/comps/phpalI18092mPI/src/phpalI18092mPI.o
 .mdebug.abi32  0xa00003b4        0x0 build/default/production/NxpNfcRdLib/comps/phpalI18092mT/src/Sw/phpalI18092mT_Sw.o
 .mdebug.abi32  0xa00003b4        0x0 build/default/production/NxpNfcRdLib/comps/phpalI18092mT/src/Sw/phpalI18092mT_Sw_Int.o
 .mdebug.abi32  0xa00003b4        0x0 build/default/production/NxpNfcRdLib/comps/phpalI18092mT/src/phpalI18092mT.o
 .mdebug.abi32  0xa00003b4        0x0 build/default/production/NxpNfcRdLib/comps/phpalMifare/src/Sw/phpalMifare_Sw.o
 .mdebug.abi32  0xa00003b4        0x0 build/default/production/NxpNfcRdLib/comps/phpalMifare/src/phpalMifare.o
 .mdebug.abi32  0xa00003b4        0x0 build/default/production/NxpNfcRdLib/comps/phpalSli15693/src/Sw/phpalSli15693_Sw.o
 .mdebug.abi32  0xa00003b4        0x0 build/default/production/NxpNfcRdLib/comps/phpalSli15693/src/phpalSli15693.o
 .mdebug.abi32  0xa00003b4        0x0 build/default/production/NxpNfcRdLib/comps/phPlatform/src/Port/K81/phPlatform_Port_K81.o
 .mdebug.abi32  0xa00003b4        0x0 build/default/production/NxpNfcRdLib/comps/phPlatform/src/Port/K81/phPlatform_Port_KinetisTimer.o
 .mdebug.abi32  0xa00003b4        0x0 build/default/production/NxpNfcRdLib/comps/phPlatform/src/Port/K82/phPlatform_Port_K82.o
 .mdebug.abi32  0xa00003b4        0x0 build/default/production/NxpNfcRdLib/comps/phPlatform/src/Port/K82/phPlatform_Port_K82Timer.o
 .mdebug.abi32  0xa00003b4        0x0 build/default/production/NxpNfcRdLib/comps/phPlatform/src/Port/LPC11u68/cr_startup_lpc11u6x.o
 .mdebug.abi32  0xa00003b4        0x0 build/default/production/NxpNfcRdLib/comps/phPlatform/src/Port/LPC11u68/phPlatform_Port_LPC11u68.o
 .mdebug.abi32  0xa00003b4        0x0 build/default/production/NxpNfcRdLib/comps/phPlatform/src/Port/LPC1769/cr_startup_lpc175x_6x.o
 .mdebug.abi32  0xa00003b4        0x0 build/default/production/NxpNfcRdLib/comps/phPlatform/src/Port/LPC1769/keil_iar_sysinit.o
 .mdebug.abi32  0xa00003b4        0x0 build/default/production/NxpNfcRdLib/comps/phPlatform/src/Port/LPC1769/phPlatform_Port_LPC1769.o
 .mdebug.abi32  0xa00003b4        0x0 build/default/production/NxpNfcRdLib/comps/phPlatform/src/Port/LPCTimer/phPlatform_Port_LPCTimer.o
 .mdebug.abi32  0xa00003b4        0x0 build/default/production/NxpNfcRdLib/comps/phPlatform/src/Port/PIC32MX/phPlatform_Port_PIC32MX.o
 .mdebug.abi32  0xa00003b4        0x0 build/default/production/NxpNfcRdLib/comps/phPlatform/src/Port/PIC32MX/phPlatform_Port_PIC32MXTimer.o
 .mdebug.abi32  0xa00003b4        0x0 build/default/production/NxpNfcRdLib/comps/phPlatform/src/Port/PN7462AU/phPlatform_Port_PN7462AU.o
 .mdebug.abi32  0xa00003b4        0x0 build/default/production/NxpNfcRdLib/comps/phPlatform/src/Port/RaspberryPi/phPlatform_Port_Pi.o
 .mdebug.abi32  0xa00003b4        0x0 build/default/production/NxpNfcRdLib/comps/phPlatform/src/Port/RaspberryPi/phPlatform_Port_PiGpio.o
 .mdebug.abi32  0xa00003b4        0x0 build/default/production/NxpNfcRdLib/comps/phPlatform/src/phPlatform.o
 .mdebug.abi32  0xa00003b4        0x0 build/default/production/NxpNfcRdLib/comps/phTools/src/phTools.o
 .mdebug.abi32  0xa00003b4        0x0 build/default/production/NxpNfcRdLib/comps/phTools/src/phTools_Q.o
 .mdebug.abi32  0xa00003b4        0x0 build/default/production/sam_reader_files/sam_interface.o
 .mdebug.abi32  0xa00003b4        0x0 build/default/production/sam_reader_files/tda8029.o
 .mdebug.abi32  0xa00003b4        0x0 build/default/production/main.o
 .mdebug.abi32  0xa00003b4        0x0 build/default/production/pn5180_files/pn5180.o
 .mdebug.abi32  0xa00003b4        0x0 c:/program files (x86)/microchip/xc32/v2.05/bin/bin/../../lib/gcc/pic32mx/4.8.3\libgcc.a(floatunsisf.o)
 .mdebug.abi32  0xa00003b4        0x0 c:/program files (x86)/microchip/xc32/v2.05/bin/bin/../../lib/gcc/pic32mx/4.8.3/../../../../pic32mx/lib\libpic32.a(default-bootstrap-exception-handler.o)
 .mdebug.abi32  0xa00003b4        0x0 c:/program files (x86)/microchip/xc32/v2.05/bin/bin/../../lib/gcc/pic32mx/4.8.3/../../../../pic32mx/lib\libpic32.a(default-on-reset.o)
 .mdebug.abi32  0xa00003b4        0x0 c:/program files (x86)/microchip/xc32/v2.05/bin/bin/../../lib/gcc/pic32mx/4.8.3/../../../../pic32mx/lib\libpic32.a(default-on-bootstrap.o)
 .mdebug.abi32  0xa00003b4        0x0 c:/program files (x86)/microchip/xc32/v2.05/bin/bin/../../lib/gcc/pic32mx/4.8.3/../../../../pic32mx/lib\libpic32.a(defaultinterrupt.o)

.mdebug.abiN32
 *(.mdebug.abiN32)

.mdebug.abi64
 *(.mdebug.abi64)

.mdebug.abiO64
 *(.mdebug.abiO64)

.mdebug.eabi32
 *(.mdebug.eabi32)

.mdebug.eabi64
 *(.mdebug.eabi64)

.gcc_compiled_long32
 *(.gcc_compiled_long32)

.gcc_compiled_long64
 *(.gcc_compiled_long64)

.stab
 *(.stab)

.stabstr
 *(.stabstr)

.stab.excl
 *(.stab.excl)

.stab.exclstr
 *(.stab.exclstr)

.stab.index
 *(.stab.index)

.stab.indexstr
 *(.stab.indexstr)

.comment        0x00000000       0x6c
 *(.comment)
 .comment       0x00000000       0x3c build/default/production/mcc_generated_files/tmr2.o
                                 0x3d (size before relaxing)
 .comment       0x00000000       0x3d build/default/production/mcc_generated_files/uart1.o
 .comment       0x00000000       0x3d build/default/production/mcc_generated_files/interrupt_manager.o
 .comment       0x00000000       0x3d build/default/production/mcc_generated_files/tmr1.o
 .comment       0x00000000       0x3d build/default/production/mcc_generated_files/mcc.o
 .comment       0x00000000       0x3d build/default/production/mcc_generated_files/pin_manager.o
 .comment       0x00000000       0x3d build/default/production/mcc_generated_files/spi1.o
 .comment       0x00000000       0x3d build/default/production/mcc_generated_files/adc1.o
 .comment       0x00000000       0x3d build/default/production/mcc_generated_files/spi2.o
 .comment       0x00000000       0x3d build/default/production/nxp_reader_config_files/phApp_Init.o
 .comment       0x00000000       0x3d build/default/production/NxpNfcRdLib/comps/phacDiscLoop/src/Sw/phacDiscLoop_Sw.o
 .comment       0x00000000       0x3d build/default/production/NxpNfcRdLib/comps/phacDiscLoop/src/Sw/phacDiscLoop_Sw_Int.o
 .comment       0x00000000       0x3d build/default/production/NxpNfcRdLib/comps/phacDiscLoop/src/Sw/phacDiscLoop_Sw_Int_A.o
 .comment       0x00000000       0x3d build/default/production/NxpNfcRdLib/comps/phacDiscLoop/src/Sw/phacDiscLoop_Sw_Int_B.o
 .comment       0x00000000       0x3d build/default/production/NxpNfcRdLib/comps/phacDiscLoop/src/Sw/phacDiscLoop_Sw_Int_F.o
 .comment       0x00000000       0x3d build/default/production/NxpNfcRdLib/comps/phacDiscLoop/src/Sw/phacDiscLoop_Sw_Int_I18000p3m3.o
 .comment       0x00000000       0x3d build/default/production/NxpNfcRdLib/comps/phacDiscLoop/src/Sw/phacDiscLoop_Sw_Int_V.o
 .comment       0x00000000       0x3d build/default/production/NxpNfcRdLib/comps/phacDiscLoop/src/phacDiscLoop.o
 .comment       0x00000000       0x3d build/default/production/NxpNfcRdLib/comps/phalFelica/src/Sw/phalFelica_Sw.o
 .comment       0x00000000       0x3d build/default/production/NxpNfcRdLib/comps/phalFelica/src/phalFelica.o
 .comment       0x00000000       0x3d build/default/production/NxpNfcRdLib/comps/phalI15693/src/Sw/phalI15693_Sw.o
 .comment       0x00000000       0x3d build/default/production/NxpNfcRdLib/comps/phalI15693/src/phalI15693.o
 .comment       0x00000000       0x3d build/default/production/NxpNfcRdLib/comps/phalI18000p3m3/src/Sw/phalI18000p3m3_Sw.o
 .comment       0x00000000       0x3d build/default/production/NxpNfcRdLib/comps/phalI18000p3m3/src/Sw/phalI18000p3m3_Sw_Int.o
 .comment       0x00000000       0x3d build/default/production/NxpNfcRdLib/comps/phalI18000p3m3/src/phalI18000p3m3.o
 .comment       0x00000000       0x3d build/default/production/NxpNfcRdLib/comps/phalMfc/src/Sw/phalMfc_Sw.o
 .comment       0x00000000       0x3d build/default/production/NxpNfcRdLib/comps/phalMfc/src/phalMfc.o
 .comment       0x00000000       0x3d build/default/production/NxpNfcRdLib/comps/phalMfc/src/phalMfc_Int.o
 .comment       0x00000000       0x3d build/default/production/NxpNfcRdLib/comps/phalMfdf/src/Sw/phalMfdf_Sw.o
 .comment       0x00000000       0x3d build/default/production/NxpNfcRdLib/comps/phalMfdf/src/Sw/phalMfdf_Sw_Int.o
 .comment       0x00000000       0x3d build/default/production/NxpNfcRdLib/comps/phalMfdf/src/phalMfdf.o
 .comment       0x00000000       0x3d build/default/production/NxpNfcRdLib/comps/phalMfdf/src/phalMfdf_Int.o
 .comment       0x00000000       0x3d build/default/production/NxpNfcRdLib/comps/phalMful/src/Sw/phalMful_Sw.o
 .comment       0x00000000       0x3d build/default/production/NxpNfcRdLib/comps/phalMful/src/phalMful.o
 .comment       0x00000000       0x3d build/default/production/NxpNfcRdLib/comps/phalMful/src/phalMful_Int.o
 .comment       0x00000000       0x3d build/default/production/NxpNfcRdLib/comps/phalSli/src/Sw/phalSli_Sw.o
 .comment       0x00000000       0x3d build/default/production/NxpNfcRdLib/comps/phalSli/src/phalSli.o
 .comment       0x00000000       0x3d build/default/production/NxpNfcRdLib/comps/phalT1T/src/Sw/phalT1T_Sw.o
 .comment       0x00000000       0x3d build/default/production/NxpNfcRdLib/comps/phalT1T/src/phalT1T.o
 .comment       0x00000000       0x3d build/default/production/NxpNfcRdLib/comps/phalTop/src/Sw/phalTop_Sw.o
 .comment       0x00000000       0x3d build/default/production/NxpNfcRdLib/comps/phalTop/src/Sw/phalTop_Sw_Int_T1T.o
 .comment       0x00000000       0x3d build/default/production/NxpNfcRdLib/comps/phalTop/src/Sw/phalTop_Sw_Int_T2T.o
 .comment       0x00000000       0x3d build/default/production/NxpNfcRdLib/comps/phalTop/src/Sw/phalTop_Sw_Int_T3T.o
 .comment       0x00000000       0x3d build/default/production/NxpNfcRdLib/comps/phalTop/src/Sw/phalTop_Sw_Int_T4T.o
 .comment       0x00000000       0x3d build/default/production/NxpNfcRdLib/comps/phalTop/src/Sw/phalTop_Sw_Int_T5T.o
 .comment       0x00000000       0x3d build/default/production/NxpNfcRdLib/comps/phalTop/src/phalTop.o
 .comment       0x00000000       0x3d build/default/production/NxpNfcRdLib/comps/phbalReg/src/KinetisI2C/phbalReg_KinetisI2C.o
 .comment       0x00000000       0x3d build/default/production/NxpNfcRdLib/comps/phbalReg/src/KinetisSPI/phbalReg_KinetisSpi.o
 .comment       0x00000000       0x3d build/default/production/NxpNfcRdLib/comps/phbalReg/src/LinuxKernelSpi/phbalReg_LinuxKernelSpi.o
 .comment       0x00000000       0x3d build/default/production/NxpNfcRdLib/comps/phbalReg/src/LinuxUserI2C/phbalReg_LinuxUserI2C.o
 .comment       0x00000000       0x3d build/default/production/NxpNfcRdLib/comps/phbalReg/src/LinuxUserSpi/phbalReg_LinuxUserSpi.o
 .comment       0x00000000       0x3d build/default/production/NxpNfcRdLib/comps/phbalReg/src/LpcOpenI2C/phbalReg_LpcOpenI2c.o
 .comment       0x00000000       0x3d build/default/production/NxpNfcRdLib/comps/phbalReg/src/LpcOpenSPI/phbalReg_LpcOpenSpi.o
 .comment       0x00000000       0x3d build/default/production/NxpNfcRdLib/comps/phbalReg/src/Pic32mxSPI/phbalReg_Pic32mxSpi.o
 .comment       0x00000000       0x3d build/default/production/NxpNfcRdLib/comps/phbalReg/src/phbalReg.o
 .comment       0x00000000       0x3d build/default/production/NxpNfcRdLib/comps/phceT4T/src/Sw/phceT4T_Sw.o
 .comment       0x00000000       0x3d build/default/production/NxpNfcRdLib/comps/phceT4T/src/Sw/phceT4T_Sw_Int.o
 .comment       0x00000000       0x3d build/default/production/NxpNfcRdLib/comps/phceT4T/src/phceT4T.o
 .comment       0x00000000       0x3d build/default/production/NxpNfcRdLib/comps/phCidManager/src/Sw/phCidManager_Sw.o
 .comment       0x00000000       0x3d build/default/production/NxpNfcRdLib/comps/phCidManager/src/phCidManager.o
 .comment       0x00000000       0x3d build/default/production/NxpNfcRdLib/comps/phCryptoRng/src/Sw/phCryptoRng_Sw.o
 .comment       0x00000000       0x3d build/default/production/NxpNfcRdLib/comps/phCryptoRng/src/phCryptoRng.o
 .comment       0x00000000       0x3d build/default/production/NxpNfcRdLib/comps/phCryptoSym/src/Sw/phCryptoSym_Sw.o
 .comment       0x00000000       0x3d build/default/production/NxpNfcRdLib/comps/phCryptoSym/src/Sw/phCryptoSym_Sw_Aes.o
 .comment       0x00000000       0x3d build/default/production/NxpNfcRdLib/comps/phCryptoSym/src/Sw/phCryptoSym_Sw_Des.o
 .comment       0x00000000       0x3d build/default/production/NxpNfcRdLib/comps/phCryptoSym/src/Sw/phCryptoSym_Sw_Int.o
 .comment       0x00000000       0x3d build/default/production/NxpNfcRdLib/comps/phCryptoSym/src/phCryptoSym.o
 .comment       0x00000000       0x3d build/default/production/NxpNfcRdLib/comps/phhalHw/src/Pn5180/phhalHw_Pn5180.o
 .comment       0x00000000       0x3d build/default/production/NxpNfcRdLib/comps/phhalHw/src/Pn5180/phhalHw_Pn5180_Instr.o
 .comment       0x00000000       0x3d build/default/production/NxpNfcRdLib/comps/phhalHw/src/Pn5180/phhalHw_Pn5180_Int.o
 .comment       0x00000000       0x3d build/default/production/NxpNfcRdLib/comps/phhalHw/src/Pn5180/phhalHw_Pn5180_Wait.o
 .comment       0x00000000       0x3d build/default/production/NxpNfcRdLib/comps/phhalHw/src/PN7462AU/phhalHw_PN7462AU.o
 .comment       0x00000000       0x3d build/default/production/NxpNfcRdLib/comps/phhalHw/src/PN7462AU/phhalHw_PN7462AU_Int.o
 .comment       0x00000000       0x3d build/default/production/NxpNfcRdLib/comps/phhalHw/src/Rc523/phhalHw_Rc523.o
 .comment       0x00000000       0x3d build/default/production/NxpNfcRdLib/comps/phhalHw/src/Rc523/phhalHw_Rc523_Cmd.o
 .comment       0x00000000       0x3d build/default/production/NxpNfcRdLib/comps/phhalHw/src/Rc523/phhalHw_Rc523_Int.o
 .comment       0x00000000       0x3d build/default/production/NxpNfcRdLib/comps/phhalHw/src/Rc523/phhalHw_Rc523_Wait.o
 .comment       0x00000000       0x3d build/default/production/NxpNfcRdLib/comps/phhalHw/src/Rc663/phhalHw_Rc663.o
 .comment       0x00000000       0x3d build/default/production/NxpNfcRdLib/comps/phhalHw/src/Rc663/phhalHw_Rc663_Cmd.o
 .comment       0x00000000       0x3d build/default/production/NxpNfcRdLib/comps/phhalHw/src/Rc663/phhalHw_Rc663_Int.o
 .comment       0x00000000       0x3d build/default/production/NxpNfcRdLib/comps/phhalHw/src/Rc663/phhalHw_Rc663_Wait.o
 .comment       0x00000000       0x3d build/default/production/NxpNfcRdLib/comps/phhalHw/src/phhalHw.o
 .comment       0x00000000       0x3d build/default/production/NxpNfcRdLib/comps/phKeyStore/src/Rc663/phKeyStore_Rc663.o
 .comment       0x00000000       0x3d build/default/production/NxpNfcRdLib/comps/phKeyStore/src/Sw/phKeyStore_Sw.o
 .comment       0x00000000       0x3d build/default/production/NxpNfcRdLib/comps/phKeyStore/src/phKeyStore.o
 .comment       0x00000000       0x3d build/default/production/NxpNfcRdLib/comps/phlnLlcp/src/Sw/phlnLlcp_Sw.o
 .comment       0x00000000       0x3d build/default/production/NxpNfcRdLib/comps/phlnLlcp/src/Sw/phlnLlcp_Sw_Int.o
 .comment       0x00000000       0x3d build/default/production/NxpNfcRdLib/comps/phlnLlcp/src/Sw/phlnLlcp_Sw_Mac.o
 .comment       0x00000000       0x3d build/default/production/NxpNfcRdLib/comps/phlnLlcp/src/Sw/phlnLlcp_Sw_Transport.o
 .comment       0x00000000       0x3d build/default/production/NxpNfcRdLib/comps/phlnLlcp/src/Sw/phlnLlcp_Sw_Transport_Connection.o
 .comment       0x00000000       0x3d build/default/production/NxpNfcRdLib/comps/phlnLlcp/src/Sw/phlnLlcp_Sw_Transport_Connectionless.o
 .comment       0x00000000       0x3d build/default/production/NxpNfcRdLib/comps/phlnLlcp/src/Sw/phlnLlcp_Timers.o
 .comment       0x00000000       0x3d build/default/production/NxpNfcRdLib/comps/phlnLlcp/src/phlnLlcp.o
 .comment       0x00000000       0x3d build/default/production/NxpNfcRdLib/comps/phLog/src/phLog.o
 .comment       0x00000000       0x3d build/default/production/NxpNfcRdLib/comps/phNfcLib/src/phNfcLib.o
 .comment       0x00000000       0x3d build/default/production/NxpNfcRdLib/comps/phNfcLib/src/phNfcLib_15693.o
 .comment       0x00000000       0x3d build/default/production/NxpNfcRdLib/comps/phNfcLib/src/phNfcLib_18000p3m3.o
 .comment       0x00000000       0x3d build/default/production/NxpNfcRdLib/comps/phNfcLib/src/phNfcLib_MFC.o
 .comment       0x00000000       0x3d build/default/production/NxpNfcRdLib/comps/phNfcLib/src/phNfcLib_MFDF.o
 .comment       0x00000000       0x3d build/default/production/NxpNfcRdLib/comps/phNfcLib/src/phNfcLib_MFUL.o
 .comment       0x00000000       0x3d build/default/production/NxpNfcRdLib/comps/phNfcLib/src/phNfcLib_Utility.o
 .comment       0x00000000       0x3d build/default/production/NxpNfcRdLib/comps/phnpSnep/src/Sw/phnpSnep_Sw.o
 .comment       0x00000000       0x3d build/default/production/NxpNfcRdLib/comps/phnpSnep/src/phnpSnep.o
 .comment       0x00000000       0x3d build/default/production/NxpNfcRdLib/comps/phOsal/src/Freertos/phOsal_Freertos.o
 .comment       0x00000000       0x3d build/default/production/NxpNfcRdLib/comps/phOsal/src/Linux/phOsal_Linux.o
 .comment       0x00000000       0x3d build/default/production/NxpNfcRdLib/comps/phOsal/src/NullOs/phOsal_NullOs.o
 .comment       0x00000000       0x3d build/default/production/NxpNfcRdLib/comps/phpalEpcUid/src/Sw/phpalEpcUid_Sw.o
 .comment       0x00000000       0x3d build/default/production/NxpNfcRdLib/comps/phpalEpcUid/src/phpalEpcUid.o
 .comment       0x00000000       0x3d build/default/production/NxpNfcRdLib/comps/phpalFelica/src/Sw/phpalFelica_Sw.o
 .comment       0x00000000       0x3d build/default/production/NxpNfcRdLib/comps/phpalFelica/src/phpalFelica.o
 .comment       0x00000000       0x3d build/default/production/NxpNfcRdLib/comps/phpalI14443p3a/src/Sw/phpalI14443p3a_Sw.o
 .comment       0x00000000       0x3d build/default/production/NxpNfcRdLib/comps/phpalI14443p3a/src/phpalI14443p3a.o
 .comment       0x00000000       0x3d build/default/production/NxpNfcRdLib/comps/phpalI14443p3b/src/Sw/phpalI14443p3b_Sw.o
 .comment       0x00000000       0x3d build/default/production/NxpNfcRdLib/comps/phpalI14443p3b/src/phpalI14443p3b.o
 .comment       0x00000000       0x3d build/default/production/NxpNfcRdLib/comps/phpalI14443p4/src/Sw/phpalI14443p4_Sw.o
 .comment       0x00000000       0x3d build/default/production/NxpNfcRdLib/comps/phpalI14443p4/src/phpalI14443p4.o
 .comment       0x00000000       0x3d build/default/production/NxpNfcRdLib/comps/phpalI14443p4a/src/Sw/phpalI14443p4a_Sw.o
 .comment       0x00000000       0x3d build/default/production/NxpNfcRdLib/comps/phpalI14443p4a/src/phpalI14443p4a.o
 .comment       0x00000000       0x3d build/default/production/NxpNfcRdLib/comps/phpalI14443p4mC/src/Sw/phpalI14443p4mC_Sw.o
 .comment       0x00000000       0x3d build/default/production/NxpNfcRdLib/comps/phpalI14443p4mC/src/Sw/phpalI14443p4mC_Sw_Int.o
 .comment       0x00000000       0x3d build/default/production/NxpNfcRdLib/comps/phpalI14443p4mC/src/phpalI14443p4mC.o
 .comment       0x00000000       0x3d build/default/production/NxpNfcRdLib/comps/phpalI18000p3m3/src/Sw/phpalI18000p3m3_Sw.o
 .comment       0x00000000       0x3d build/default/production/NxpNfcRdLib/comps/phpalI18000p3m3/src/phpalI18000p3m3.o
 .comment       0x00000000       0x3d build/default/production/NxpNfcRdLib/comps/phpalI18092mPI/src/Sw/phpalI18092mPI_Sw.o
 .comment       0x00000000       0x3d build/default/production/NxpNfcRdLib/comps/phpalI18092mPI/src/Sw/phpalI18092mPI_Sw_Int.o
 .comment       0x00000000       0x3d build/default/production/NxpNfcRdLib/comps/phpalI18092mPI/src/phpalI18092mPI.o
 .comment       0x00000000       0x3d build/default/production/NxpNfcRdLib/comps/phpalI18092mT/src/Sw/phpalI18092mT_Sw.o
 .comment       0x00000000       0x3d build/default/production/NxpNfcRdLib/comps/phpalI18092mT/src/Sw/phpalI18092mT_Sw_Int.o
 .comment       0x00000000       0x3d build/default/production/NxpNfcRdLib/comps/phpalI18092mT/src/phpalI18092mT.o
 .comment       0x00000000       0x3d build/default/production/NxpNfcRdLib/comps/phpalMifare/src/Sw/phpalMifare_Sw.o
 .comment       0x00000000       0x3d build/default/production/NxpNfcRdLib/comps/phpalMifare/src/phpalMifare.o
 .comment       0x00000000       0x3d build/default/production/NxpNfcRdLib/comps/phpalSli15693/src/Sw/phpalSli15693_Sw.o
 .comment       0x00000000       0x3d build/default/production/NxpNfcRdLib/comps/phpalSli15693/src/phpalSli15693.o
 .comment       0x00000000       0x3d build/default/production/NxpNfcRdLib/comps/phPlatform/src/Port/K81/phPlatform_Port_K81.o
 .comment       0x00000000       0x3d build/default/production/NxpNfcRdLib/comps/phPlatform/src/Port/K81/phPlatform_Port_KinetisTimer.o
 .comment       0x00000000       0x3d build/default/production/NxpNfcRdLib/comps/phPlatform/src/Port/K82/phPlatform_Port_K82.o
 .comment       0x00000000       0x3d build/default/production/NxpNfcRdLib/comps/phPlatform/src/Port/K82/phPlatform_Port_K82Timer.o
 .comment       0x00000000       0x3d build/default/production/NxpNfcRdLib/comps/phPlatform/src/Port/LPC11u68/cr_startup_lpc11u6x.o
 .comment       0x00000000       0x3d build/default/production/NxpNfcRdLib/comps/phPlatform/src/Port/LPC11u68/phPlatform_Port_LPC11u68.o
 .comment       0x00000000       0x3d build/default/production/NxpNfcRdLib/comps/phPlatform/src/Port/LPC1769/cr_startup_lpc175x_6x.o
 .comment       0x00000000       0x3d build/default/production/NxpNfcRdLib/comps/phPlatform/src/Port/LPC1769/keil_iar_sysinit.o
 .comment       0x00000000       0x3d build/default/production/NxpNfcRdLib/comps/phPlatform/src/Port/LPC1769/phPlatform_Port_LPC1769.o
 .comment       0x00000000       0x3d build/default/production/NxpNfcRdLib/comps/phPlatform/src/Port/LPCTimer/phPlatform_Port_LPCTimer.o
 .comment       0x00000000       0x3d build/default/production/NxpNfcRdLib/comps/phPlatform/src/Port/PIC32MX/phPlatform_Port_PIC32MX.o
 .comment       0x00000000       0x3d build/default/production/NxpNfcRdLib/comps/phPlatform/src/Port/PIC32MX/phPlatform_Port_PIC32MXTimer.o
 .comment       0x00000000       0x3d build/default/production/NxpNfcRdLib/comps/phPlatform/src/Port/PN7462AU/phPlatform_Port_PN7462AU.o
 .comment       0x00000000       0x3d build/default/production/NxpNfcRdLib/comps/phPlatform/src/Port/RaspberryPi/phPlatform_Port_Pi.o
 .comment       0x00000000       0x3d build/default/production/NxpNfcRdLib/comps/phPlatform/src/Port/RaspberryPi/phPlatform_Port_PiGpio.o
 .comment       0x00000000       0x3d build/default/production/NxpNfcRdLib/comps/phPlatform/src/phPlatform.o
 .comment       0x00000000       0x3d build/default/production/NxpNfcRdLib/comps/phTools/src/phTools.o
 .comment       0x00000000       0x3d build/default/production/NxpNfcRdLib/comps/phTools/src/phTools_Q.o
 .comment       0x00000000       0x3d build/default/production/sam_reader_files/sam_interface.o
 .comment       0x00000000       0x3d build/default/production/sam_reader_files/tda8029.o
 .comment       0x00000000       0x3d build/default/production/main.o
 .comment       0x00000000       0x3d build/default/production/pn5180_files/pn5180.o
 .comment       0x00000000       0x3d c:/program files (x86)/microchip/xc32/v2.05/bin/bin/../../lib/gcc/pic32mx/4.8.3\libgcc.a(floatunsisf.o)
 .comment       0x0000003c       0x18 c:/program files (x86)/microchip/xc32/v2.05/bin/bin/../../lib/gcc/pic32mx/4.8.3/../../../../pic32mx/lib\libpic32.a(memcmp.o)
                                 0x19 (size before relaxing)
 .comment       0x00000054       0x18 c:/program files (x86)/microchip/xc32/v2.05/bin/bin/../../lib/gcc/pic32mx/4.8.3/../../../../pic32mx/lib\libpic32.a(memset.o)
                                 0x19 (size before relaxing)
 .comment       0x00000000       0x3d c:/program files (x86)/microchip/xc32/v2.05/bin/bin/../../lib/gcc/pic32mx/4.8.3/../../../../pic32mx/lib\libpic32.a(default-bootstrap-exception-handler.o)
 .comment       0x00000000       0x3d c:/program files (x86)/microchip/xc32/v2.05/bin/bin/../../lib/gcc/pic32mx/4.8.3/../../../../pic32mx/lib\libpic32.a(default-on-reset.o)
 .comment       0x00000000       0x3d c:/program files (x86)/microchip/xc32/v2.05/bin/bin/../../lib/gcc/pic32mx/4.8.3/../../../../pic32mx/lib\libpic32.a(default-on-bootstrap.o)
 .comment       0x00000000       0x3d c:/program files (x86)/microchip/xc32/v2.05/bin/bin/../../lib/gcc/pic32mx/4.8.3/../../../../pic32mx/lib\libpic32.a(defaultinterrupt.o)

.debug
 *(.debug)

.line
 *(.line)

.debug_srcinfo
 *(.debug_srcinfo)

.debug_sfnames
 *(.debug_sfnames)

.debug_aranges  0x00000000     0x1bc8
 *(.debug_aranges)
 .debug_aranges
                0x00000000       0x80 build/default/production/mcc_generated_files/tmr2.o
 .debug_aranges
                0x00000080       0x80 build/default/production/mcc_generated_files/uart1.o
 .debug_aranges
                0x00000100       0x20 build/default/production/mcc_generated_files/interrupt_manager.o
 .debug_aranges
                0x00000120       0x78 build/default/production/mcc_generated_files/tmr1.o
 .debug_aranges
                0x00000198       0x40 build/default/production/mcc_generated_files/mcc.o
 .debug_aranges
                0x000001d8       0x28 build/default/production/mcc_generated_files/pin_manager.o
 .debug_aranges
                0x00000200       0x48 build/default/production/mcc_generated_files/spi1.o
 .debug_aranges
                0x00000248       0x58 build/default/production/mcc_generated_files/adc1.o
 .debug_aranges
                0x000002a0       0x48 build/default/production/mcc_generated_files/spi2.o
 .debug_aranges
                0x000002e8       0x50 build/default/production/nxp_reader_config_files/phApp_Init.o
 .debug_aranges
                0x00000338       0x40 build/default/production/NxpNfcRdLib/comps/phacDiscLoop/src/Sw/phacDiscLoop_Sw.o
 .debug_aranges
                0x00000378       0x78 build/default/production/NxpNfcRdLib/comps/phacDiscLoop/src/Sw/phacDiscLoop_Sw_Int.o
 .debug_aranges
                0x000003f0       0x30 build/default/production/NxpNfcRdLib/comps/phacDiscLoop/src/Sw/phacDiscLoop_Sw_Int_A.o
 .debug_aranges
                0x00000420       0x30 build/default/production/NxpNfcRdLib/comps/phacDiscLoop/src/Sw/phacDiscLoop_Sw_Int_B.o
 .debug_aranges
                0x00000450       0x30 build/default/production/NxpNfcRdLib/comps/phacDiscLoop/src/Sw/phacDiscLoop_Sw_Int_F.o
 .debug_aranges
                0x00000480       0x30 build/default/production/NxpNfcRdLib/comps/phacDiscLoop/src/Sw/phacDiscLoop_Sw_Int_I18000p3m3.o
 .debug_aranges
                0x000004b0       0x30 build/default/production/NxpNfcRdLib/comps/phacDiscLoop/src/Sw/phacDiscLoop_Sw_Int_V.o
 .debug_aranges
                0x000004e0       0x18 build/default/production/NxpNfcRdLib/comps/phacDiscLoop/src/phacDiscLoop.o
 .debug_aranges
                0x000004f8       0x18 build/default/production/NxpNfcRdLib/comps/phalFelica/src/Sw/phalFelica_Sw.o
 .debug_aranges
                0x00000510       0x18 build/default/production/NxpNfcRdLib/comps/phalFelica/src/phalFelica.o
 .debug_aranges
                0x00000528       0x18 build/default/production/NxpNfcRdLib/comps/phalI15693/src/Sw/phalI15693_Sw.o
 .debug_aranges
                0x00000540       0x18 build/default/production/NxpNfcRdLib/comps/phalI15693/src/phalI15693.o
 .debug_aranges
                0x00000558       0x18 build/default/production/NxpNfcRdLib/comps/phalI18000p3m3/src/Sw/phalI18000p3m3_Sw.o
 .debug_aranges
                0x00000570       0x18 build/default/production/NxpNfcRdLib/comps/phalI18000p3m3/src/Sw/phalI18000p3m3_Sw_Int.o
 .debug_aranges
                0x00000588       0x18 build/default/production/NxpNfcRdLib/comps/phalI18000p3m3/src/phalI18000p3m3.o
 .debug_aranges
                0x000005a0       0x90 build/default/production/NxpNfcRdLib/comps/phalMfc/src/Sw/phalMfc_Sw.o
 .debug_aranges
                0x00000630       0x18 build/default/production/NxpNfcRdLib/comps/phalMfc/src/phalMfc.o
 .debug_aranges
                0x00000648       0x40 build/default/production/NxpNfcRdLib/comps/phalMfc/src/phalMfc_Int.o
 .debug_aranges
                0x00000688       0x70 build/default/production/NxpNfcRdLib/comps/phalMfdf/src/Sw/phalMfdf_Sw.o
 .debug_aranges
                0x000006f8       0x40 build/default/production/NxpNfcRdLib/comps/phalMfdf/src/Sw/phalMfdf_Sw_Int.o
 .debug_aranges
                0x00000738       0x18 build/default/production/NxpNfcRdLib/comps/phalMfdf/src/phalMfdf.o
 .debug_aranges
                0x00000750       0x30 build/default/production/NxpNfcRdLib/comps/phalMfdf/src/phalMfdf_Int.o
 .debug_aranges
                0x00000780       0x18 build/default/production/NxpNfcRdLib/comps/phalMful/src/Sw/phalMful_Sw.o
 .debug_aranges
                0x00000798       0x18 build/default/production/NxpNfcRdLib/comps/phalMful/src/phalMful.o
 .debug_aranges
                0x000007b0       0x18 build/default/production/NxpNfcRdLib/comps/phalMful/src/phalMful_Int.o
 .debug_aranges
                0x000007c8       0x18 build/default/production/NxpNfcRdLib/comps/phalSli/src/Sw/phalSli_Sw.o
 .debug_aranges
                0x000007e0       0x18 build/default/production/NxpNfcRdLib/comps/phalSli/src/phalSli.o
 .debug_aranges
                0x000007f8       0x18 build/default/production/NxpNfcRdLib/comps/phalT1T/src/Sw/phalT1T_Sw.o
 .debug_aranges
                0x00000810       0x18 build/default/production/NxpNfcRdLib/comps/phalT1T/src/phalT1T.o
 .debug_aranges
                0x00000828       0x18 build/default/production/NxpNfcRdLib/comps/phalTop/src/Sw/phalTop_Sw.o
 .debug_aranges
                0x00000840       0x18 build/default/production/NxpNfcRdLib/comps/phalTop/src/Sw/phalTop_Sw_Int_T1T.o
 .debug_aranges
                0x00000858       0x18 build/default/production/NxpNfcRdLib/comps/phalTop/src/Sw/phalTop_Sw_Int_T2T.o
 .debug_aranges
                0x00000870       0x18 build/default/production/NxpNfcRdLib/comps/phalTop/src/Sw/phalTop_Sw_Int_T3T.o
 .debug_aranges
                0x00000888       0x18 build/default/production/NxpNfcRdLib/comps/phalTop/src/Sw/phalTop_Sw_Int_T4T.o
 .debug_aranges
                0x000008a0       0x18 build/default/production/NxpNfcRdLib/comps/phalTop/src/Sw/phalTop_Sw_Int_T5T.o
 .debug_aranges
                0x000008b8       0x18 build/default/production/NxpNfcRdLib/comps/phalTop/src/phalTop.o
 .debug_aranges
                0x000008d0       0x18 build/default/production/NxpNfcRdLib/comps/phbalReg/src/KinetisI2C/phbalReg_KinetisI2C.o
 .debug_aranges
                0x000008e8       0x18 build/default/production/NxpNfcRdLib/comps/phbalReg/src/KinetisSPI/phbalReg_KinetisSpi.o
 .debug_aranges